main.c:91:6:pwm_setvalue	80	static
main.c:217:6:steer_pwm_setvalue	48	static
main.c:232:6:steer_left_PWM	8	static
main.c:236:6:steer_straight_PWM	8	static
main.c:241:6:steer_right_PWM	8	static
main.c:245:6:drive_forward	32	static
main.c:258:6:drive_backward	32	static
main.c:271:6:stop	24	static
main.c:285:5:main	16	static
main.c:386:6:SystemClock_Config	104	static
main.c:437:13:MX_I2C1_Init	8	static
main.c:471:13:MX_I2S3_Init	8	static
main.c:505:13:MX_SPI1_Init	8	static
main.c:543:13:MX_TIM1_Init	96	static
main.c:623:13:MX_TIM2_Init	64	static
main.c:682:13:MX_TIM3_Init	32	static
main.c:727:13:MX_TIM4_Init	64	static
main.c:791:13:MX_GPIO_Init	56	static
main.c:896:6:Error_Handler	4	static
