Archive member included to satisfy reference by file (symbol)

c:/st/stm32cubeide_1.0.2/stm32cubeide/plugins/com.st.stm32cube.ide.mcu.externaltools.gnu-tools-for-stm32.7-2018-q2-update.win32_1.0.0.201904181610/tools/bin/../lib/gcc/arm-none-eabi/7.3.1/../../../../arm-none-eabi/lib/thumb/v7e-m/fpv4-sp/hard\libc_nano.a(lib_a-errno.o)
                              Src/syscalls.o (__errno)
c:/st/stm32cubeide_1.0.2/stm32cubeide/plugins/com.st.stm32cube.ide.mcu.externaltools.gnu-tools-for-stm32.7-2018-q2-update.win32_1.0.0.201904181610/tools/bin/../lib/gcc/arm-none-eabi/7.3.1/../../../../arm-none-eabi/lib/thumb/v7e-m/fpv4-sp/hard\libc_nano.a(lib_a-exit.o)
                              c:/st/stm32cubeide_1.0.2/stm32cubeide/plugins/com.st.stm32cube.ide.mcu.externaltools.gnu-tools-for-stm32.7-2018-q2-update.win32_1.0.0.201904181610/tools/bin/../lib/gcc/arm-none-eabi/7.3.1/../../../../arm-none-eabi/lib/thumb/v7e-m/fpv4-sp/hard/crt0.o (exit)
c:/st/stm32cubeide_1.0.2/stm32cubeide/plugins/com.st.stm32cube.ide.mcu.externaltools.gnu-tools-for-stm32.7-2018-q2-update.win32_1.0.0.201904181610/tools/bin/../lib/gcc/arm-none-eabi/7.3.1/../../../../arm-none-eabi/lib/thumb/v7e-m/fpv4-sp/hard\libc_nano.a(lib_a-impure.o)
                              c:/st/stm32cubeide_1.0.2/stm32cubeide/plugins/com.st.stm32cube.ide.mcu.externaltools.gnu-tools-for-stm32.7-2018-q2-update.win32_1.0.0.201904181610/tools/bin/../lib/gcc/arm-none-eabi/7.3.1/../../../../arm-none-eabi/lib/thumb/v7e-m/fpv4-sp/hard\libc_nano.a(lib_a-exit.o) (_global_impure_ptr)
c:/st/stm32cubeide_1.0.2/stm32cubeide/plugins/com.st.stm32cube.ide.mcu.externaltools.gnu-tools-for-stm32.7-2018-q2-update.win32_1.0.0.201904181610/tools/bin/../lib/gcc/arm-none-eabi/7.3.1/../../../../arm-none-eabi/lib/thumb/v7e-m/fpv4-sp/hard\libc_nano.a(lib_a-init.o)
                              c:/st/stm32cubeide_1.0.2/stm32cubeide/plugins/com.st.stm32cube.ide.mcu.externaltools.gnu-tools-for-stm32.7-2018-q2-update.win32_1.0.0.201904181610/tools/bin/../lib/gcc/arm-none-eabi/7.3.1/../../../../arm-none-eabi/lib/thumb/v7e-m/fpv4-sp/hard/crt0.o (__libc_init_array)
c:/st/stm32cubeide_1.0.2/stm32cubeide/plugins/com.st.stm32cube.ide.mcu.externaltools.gnu-tools-for-stm32.7-2018-q2-update.win32_1.0.0.201904181610/tools/bin/../lib/gcc/arm-none-eabi/7.3.1/../../../../arm-none-eabi/lib/thumb/v7e-m/fpv4-sp/hard\libc_nano.a(lib_a-malloc.o)
                              Middlewares/ST/STM32_USB_Device_Library/Class/CDC/Src/usbd_cdc.o (malloc)
c:/st/stm32cubeide_1.0.2/stm32cubeide/plugins/com.st.stm32cube.ide.mcu.externaltools.gnu-tools-for-stm32.7-2018-q2-update.win32_1.0.0.201904181610/tools/bin/../lib/gcc/arm-none-eabi/7.3.1/../../../../arm-none-eabi/lib/thumb/v7e-m/fpv4-sp/hard\libc_nano.a(lib_a-memset.o)
                              c:/st/stm32cubeide_1.0.2/stm32cubeide/plugins/com.st.stm32cube.ide.mcu.externaltools.gnu-tools-for-stm32.7-2018-q2-update.win32_1.0.0.201904181610/tools/bin/../lib/gcc/arm-none-eabi/7.3.1/../../../../arm-none-eabi/lib/thumb/v7e-m/fpv4-sp/hard/crt0.o (memset)
c:/st/stm32cubeide_1.0.2/stm32cubeide/plugins/com.st.stm32cube.ide.mcu.externaltools.gnu-tools-for-stm32.7-2018-q2-update.win32_1.0.0.201904181610/tools/bin/../lib/gcc/arm-none-eabi/7.3.1/../../../../arm-none-eabi/lib/thumb/v7e-m/fpv4-sp/hard\libc_nano.a(lib_a-nano-freer.o)
                              c:/st/stm32cubeide_1.0.2/stm32cubeide/plugins/com.st.stm32cube.ide.mcu.externaltools.gnu-tools-for-stm32.7-2018-q2-update.win32_1.0.0.201904181610/tools/bin/../lib/gcc/arm-none-eabi/7.3.1/../../../../arm-none-eabi/lib/thumb/v7e-m/fpv4-sp/hard\libc_nano.a(lib_a-malloc.o) (_free_r)
c:/st/stm32cubeide_1.0.2/stm32cubeide/plugins/com.st.stm32cube.ide.mcu.externaltools.gnu-tools-for-stm32.7-2018-q2-update.win32_1.0.0.201904181610/tools/bin/../lib/gcc/arm-none-eabi/7.3.1/../../../../arm-none-eabi/lib/thumb/v7e-m/fpv4-sp/hard\libc_nano.a(lib_a-nano-mallocr.o)
                              c:/st/stm32cubeide_1.0.2/stm32cubeide/plugins/com.st.stm32cube.ide.mcu.externaltools.gnu-tools-for-stm32.7-2018-q2-update.win32_1.0.0.201904181610/tools/bin/../lib/gcc/arm-none-eabi/7.3.1/../../../../arm-none-eabi/lib/thumb/v7e-m/fpv4-sp/hard\libc_nano.a(lib_a-malloc.o) (_malloc_r)
c:/st/stm32cubeide_1.0.2/stm32cubeide/plugins/com.st.stm32cube.ide.mcu.externaltools.gnu-tools-for-stm32.7-2018-q2-update.win32_1.0.0.201904181610/tools/bin/../lib/gcc/arm-none-eabi/7.3.1/../../../../arm-none-eabi/lib/thumb/v7e-m/fpv4-sp/hard\libc_nano.a(lib_a-sbrkr.o)
                              c:/st/stm32cubeide_1.0.2/stm32cubeide/plugins/com.st.stm32cube.ide.mcu.externaltools.gnu-tools-for-stm32.7-2018-q2-update.win32_1.0.0.201904181610/tools/bin/../lib/gcc/arm-none-eabi/7.3.1/../../../../arm-none-eabi/lib/thumb/v7e-m/fpv4-sp/hard\libc_nano.a(lib_a-nano-mallocr.o) (_sbrk_r)
[...]
Memory Configuration

Name             Origin             Length             Attributes
CCMRAM           0x0000000010000000 0x0000000000010000 xrw
RAM              0x0000000020000000 0x0000000000020000 xrw
FLASH            0x0000000008000000 0x0000000000100000 xr
*default*        0x0000000000000000 0xffffffffffffffff

Linker script and memory map

LOAD c:/st/stm32cubeide_1.0.2/stm32cubeide/plugins/com.st.stm32cube.ide.mcu.externaltools.gnu-tools-for-stm32.7-2018-q2-update.win32_1.0.0.201904181610/tools/bin/../lib/gcc/arm-none-eabi/7.3.1/thumb/v7e-m/fpv4-sp/hard/crti.o
LOAD c:/st/stm32cubeide_1.0.2/stm32cubeide/plugins/com.st.stm32cube.ide.mcu.externaltools.gnu-tools-for-stm32.7-2018-q2-update.win32_1.0.0.201904181610/tools/bin/../lib/gcc/arm-none-eabi/7.3.1/thumb/v7e-m/fpv4-sp/hard/crtbegin.o
LOAD c:/st/stm32cubeide_1.0.2/stm32cubeide/plugins/com.st.stm32cube.ide.mcu.externaltools.gnu-tools-for-stm32.7-2018-q2-update.win32_1.0.0.201904181610/tools/bin/../lib/gcc/arm-none-eabi/7.3.1/../../../../arm-none-eabi/lib/thumb/v7e-m/fpv4-sp/hard/crt0.o
LOAD Drivers/STM32F4xx_HAL_Driver/Src/stm32f4xx_hal.o
LOAD Drivers/STM32F4xx_HAL_Driver/Src/stm32f4xx_hal_cortex.o
LOAD Drivers/STM32F4xx_HAL_Driver/Src/stm32f4xx_hal_dma.o
LOAD Drivers/STM32F4xx_HAL_Driver/Src/stm32f4xx_hal_dma_ex.o
LOAD Drivers/STM32F4xx_HAL_Driver/Src/stm32f4xx_hal_exti.o
LOAD Drivers/STM32F4xx_HAL_Driver/Src/stm32f4xx_hal_flash.o
LOAD Drivers/STM32F4xx_HAL_Driver/Src/stm32f4xx_hal_flash_ex.o
LOAD Drivers/STM32F4xx_HAL_Driver/Src/stm32f4xx_hal_flash_ramfunc.o
LOAD Drivers/STM32F4xx_HAL_Driver/Src/stm32f4xx_hal_gpio.o
LOAD Drivers/STM32F4xx_HAL_Driver/Src/stm32f4xx_hal_i2c.o
LOAD Drivers/STM32F4xx_HAL_Driver/Src/stm32f4xx_hal_i2c_ex.o
LOAD Drivers/STM32F4xx_HAL_Driver/Src/stm32f4xx_hal_i2s.o
LOAD Drivers/STM32F4xx_HAL_Driver/Src/stm32f4xx_hal_i2s_ex.o
LOAD Drivers/STM32F4xx_HAL_Driver/Src/stm32f4xx_hal_pcd.o
LOAD Drivers/STM32F4xx_HAL_Driver/Src/stm32f4xx_hal_pcd_ex.o
LOAD Drivers/STM32F4xx_HAL_Driver/Src/stm32f4xx_hal_pwr.o
LOAD Drivers/STM32F4xx_HAL_Driver/Src/stm32f4xx_hal_pwr_ex.o
LOAD Drivers/STM32F4xx_HAL_Driver/Src/stm32f4xx_hal_rcc.o
LOAD Drivers/STM32F4xx_HAL_Driver/Src/stm32f4xx_hal_rcc_ex.o
LOAD Drivers/STM32F4xx_HAL_Driver/Src/stm32f4xx_hal_spi.o
LOAD Drivers/STM32F4xx_HAL_Driver/Src/stm32f4xx_hal_tim.o
LOAD Drivers/STM32F4xx_HAL_Driver/Src/stm32f4xx_hal_tim_ex.o
LOAD Drivers/STM32F4xx_HAL_Driver/Src/stm32f4xx_ll_usb.o
LOAD Middlewares/ST/STM32_USB_Device_Library/Class/CDC/Src/usbd_cdc.o
LOAD Middlewares/ST/STM32_USB_Device_Library/Core/Src/usbd_core.o
LOAD Middlewares/ST/STM32_USB_Device_Library/Core/Src/usbd_ctlreq.o
LOAD Middlewares/ST/STM32_USB_Device_Library/Core/Src/usbd_ioreq.o
LOAD Src/main.o
LOAD Src/stm32f4xx_hal_msp.o
LOAD Src/stm32f4xx_it.o
LOAD Src/syscalls.o
LOAD Src/sysmem.o
LOAD Src/system_stm32f4xx.o
LOAD Src/usb_device.o
LOAD Src/usbd_cdc_if.o
LOAD Src/usbd_conf.o
LOAD Src/usbd_desc.o
LOAD Startup/startup_stm32f407vgtx.o
START GROUP
LOAD c:/st/stm32cubeide_1.0.2/stm32cubeide/plugins/com.st.stm32cube.ide.mcu.externaltools.gnu-tools-for-stm32.7-2018-q2-update.win32_1.0.0.201904181610/tools/bin/../lib/gcc/arm-none-eabi/7.3.1/../../../../arm-none-eabi/lib/thumb/v7e-m/fpv4-sp/hard\libc_nano.a
LOAD c:/st/stm32cubeide_1.0.2/stm32cubeide/plugins/com.st.stm32cube.ide.mcu.externaltools.gnu-tools-for-stm32.7-2018-q2-update.win32_1.0.0.201904181610/tools/bin/../lib/gcc/arm-none-eabi/7.3.1/../../../../arm-none-eabi/lib/thumb/v7e-m/fpv4-sp/hard\libm.a
END GROUP
START GROUP
LOAD c:/st/stm32cubeide_1.0.2/stm32cubeide/plugins/com.st.stm32cube.ide.mcu.externaltools.gnu-tools-for-stm32.7-2018-q2-update.win32_1.0.0.201904181610/tools/bin/../lib/gcc/arm-none-eabi/7.3.1/thumb/v7e-m/fpv4-sp/hard\libgcc.a
LOAD c:/st/stm32cubeide_1.0.2/stm32cubeide/plugins/com.st.stm32cube.ide.mcu.externaltools.gnu-tools-for-stm32.7-2018-q2-update.win32_1.0.0.201904181610/tools/bin/../lib/gcc/arm-none-eabi/7.3.1/../../../../arm-none-eabi/lib/thumb/v7e-m/fpv4-sp/hard\libc_nano.a
END GROUP
START GROUP
LOAD c:/st/stm32cubeide_1.0.2/stm32cubeide/plugins/com.st.stm32cube.ide.mcu.externaltools.gnu-tools-for-stm32.7-2018-q2-update.win32_1.0.0.201904181610/tools/bin/../lib/gcc/arm-none-eabi/7.3.1/thumb/v7e-m/fpv4-sp/hard\libgcc.a
LOAD c:/st/stm32cubeide_1.0.2/stm32cubeide/plugins/com.st.stm32cube.ide.mcu.externaltools.gnu-tools-for-stm32.7-2018-q2-update.win32_1.0.0.201904181610/tools/bin/../lib/gcc/arm-none-eabi/7.3.1/../../../../arm-none-eabi/lib/thumb/v7e-m/fpv4-sp/hard\libc_nano.a
LOAD c:/st/stm32cubeide_1.0.2/stm32cubeide/plugins/com.st.stm32cube.ide.mcu.externaltools.gnu-tools-for-stm32.7-2018-q2-update.win32_1.0.0.201904181610/tools/bin/../lib/gcc/arm-none-eabi/7.3.1/../../../../arm-none-eabi/lib/thumb/v7e-m/fpv4-sp/hard\libnosys.a
END GROUP
START GROUP
LOAD c:/st/stm32cubeide_1.0.2/stm32cubeide/plugins/com.st.stm32cube.ide.mcu.externaltools.gnu-tools-for-stm32.7-2018-q2-update.win32_1.0.0.201904181610/tools/bin/../lib/gcc/arm-none-eabi/7.3.1/thumb/v7e-m/fpv4-sp/hard\libgcc.a
LOAD c:/st/stm32cubeide_1.0.2/stm32cubeide/plugins/com.st.stm32cube.ide.mcu.externaltools.gnu-tools-for-stm32.7-2018-q2-update.win32_1.0.0.201904181610/tools/bin/../lib/gcc/arm-none-eabi/7.3.1/../../../../arm-none-eabi/lib/thumb/v7e-m/fpv4-sp/hard\libc_nano.a
LOAD c:/st/stm32cubeide_1.0.2/stm32cubeide/plugins/com.st.stm32cube.ide.mcu.externaltools.gnu-tools-for-stm32.7-2018-q2-update.win32_1.0.0.201904181610/tools/bin/../lib/gcc/arm-none-eabi/7.3.1/../../../../arm-none-eabi/lib/thumb/v7e-m/fpv4-sp/hard\libnosys.a
END GROUP
LOAD c:/st/stm32cubeide_1.0.2/stm32cubeide/plugins/com.st.stm32cube.ide.mcu.externaltools.gnu-tools-for-stm32.7-2018-q2-update.win32_1.0.0.201904181610/tools/bin/../lib/gcc/arm-none-eabi/7.3.1/thumb/v7e-m/fpv4-sp/hard/crtend.o
LOAD c:/st/stm32cubeide_1.0.2/stm32cubeide/plugins/com.st.stm32cube.ide.mcu.externaltools.gnu-tools-for-stm32.7-2018-q2-update.win32_1.0.0.201904181610/tools/bin/../lib/gcc/arm-none-eabi/7.3.1/thumb/v7e-m/fpv4-sp/hard/crtn.o
                0x0000000020020000                _estack = 0x20020000
                0x0000000000000200                _Min_Heap_Size = 0x200
                0x0000000000000400                _Min_Stack_Size = 0x400

.isr_vector     0x0000000008000000      0x188
                0x0000000008000000                . = ALIGN (0x4)
 *(.isr_vector)
 .isr_vector    0x0000000008000000      0x188 Startup/startup_stm32f407vgtx.o
                0x0000000008000000                g_pfnVectors
                0x0000000008000188                . = ALIGN (0x4)

.text           0x0000000008000188     0x8c6c
                0x0000000008000188                . = ALIGN (0x4)
 *(.text)
 .text          0x0000000008000188       0x40 c:/st/stm32cubeide_1.0.2/stm32cubeide/plugins/com.st.stm32cube.ide.mcu.externaltools.gnu-tools-for-stm32.7-2018-q2-update.win32_1.0.0.201904181610/tools/bin/../lib/gcc/arm-none-eabi/7.3.1/thumb/v7e-m/fpv4-sp/hard/crtbegin.o
 .text          0x00000000080001c8       0x30 c:/st/stm32cubeide_1.0.2/stm32cubeide/plugins/com.st.stm32cube.ide.mcu.externaltools.gnu-tools-for-stm32.7-2018-q2-update.win32_1.0.0.201904181610/tools/bin/../lib/gcc/arm-none-eabi/7.3.1/thumb/v7e-m/fpv4-sp/hard\libgcc.a(_aeabi_uldivmod.o)
                0x00000000080001c8                __aeabi_uldivmod
 .text          0x00000000080001f8      0x2cc c:/st/stm32cubeide_1.0.2/stm32cubeide/plugins/com.st.stm32cube.ide.mcu.externaltools.gnu-tools-for-stm32.7-2018-q2-update.win32_1.0.0.201904181610/tools/bin/../lib/gcc/arm-none-eabi/7.3.1/thumb/v7e-m/fpv4-sp/hard\libgcc.a(_udivmoddi4.o)
                0x00000000080001f8                __udivmoddi4
 .text          0x00000000080004c4        0x4 c:/st/stm32cubeide_1.0.2/stm32cubeide/plugins/com.st.stm32cube.ide.mcu.externaltools.gnu-tools-for-stm32.7-2018-q2-update.win32_1.0.0.201904181610/tools/bin/../lib/gcc/arm-none-eabi/7.3.1/thumb/v7e-m/fpv4-sp/hard\libgcc.a(_dvmd_tls.o)
                0x00000000080004c4                __aeabi_idiv0
                0x00000000080004c4                __aeabi_ldiv0
 *(.text*)
 .text.HAL_Init
                0x00000000080004c8       0x44 Drivers/STM32F4xx_HAL_Driver/Src/stm32f4xx_hal.o
                0x00000000080004c8                HAL_Init
 .text.HAL_InitTick
                0x000000000800050c       0x60 Drivers/STM32F4xx_HAL_Driver/Src/stm32f4xx_hal.o
                0x000000000800050c                HAL_InitTick
 .text.HAL_IncTick
                0x000000000800056c       0x28 Drivers/STM32F4xx_HAL_Driver/Src/stm32f4xx_hal.o
                0x000000000800056c                HAL_IncTick
 .text.HAL_GetTick
                0x0000000008000594       0x18 Drivers/STM32F4xx_HAL_Driver/Src/stm32f4xx_hal.o
                0x0000000008000594                HAL_GetTick
 .text.HAL_Delay
                0x00000000080005ac       0x44 Drivers/STM32F4xx_HAL_Driver/Src/stm32f4xx_hal.o
                0x00000000080005ac                HAL_Delay
 .text.__NVIC_SetPriorityGrouping
                0x00000000080005f0       0x48 Drivers/STM32F4xx_HAL_Driver/Src/stm32f4xx_hal_cortex.o
 .text.__NVIC_GetPriorityGrouping
                0x0000000008000638       0x1c Drivers/STM32F4xx_HAL_Driver/Src/stm32f4xx_hal_cortex.o
 .text.__NVIC_EnableIRQ
                0x0000000008000654       0x3c Drivers/STM32F4xx_HAL_Driver/Src/stm32f4xx_hal_cortex.o
 .text.__NVIC_SetPriority
                0x0000000008000690       0x54 Drivers/STM32F4xx_HAL_Driver/Src/stm32f4xx_hal_cortex.o
 .text.NVIC_EncodePriority
                0x00000000080006e4       0x66 Drivers/STM32F4xx_HAL_Driver/Src/stm32f4xx_hal_cortex.o
 *fill*         0x000000000800074a        0x2 
 .text.SysTick_Config
                0x000000000800074c       0x44 Drivers/STM32F4xx_HAL_Driver/Src/stm32f4xx_hal_cortex.o
 .text.HAL_NVIC_SetPriorityGrouping
                0x0000000008000790       0x16 Drivers/STM32F4xx_HAL_Driver/Src/stm32f4xx_hal_cortex.o
                0x0000000008000790                HAL_NVIC_SetPriorityGrouping
 .text.HAL_NVIC_SetPriority
                0x00000000080007a6       0x38 Drivers/STM32F4xx_HAL_Driver/Src/stm32f4xx_hal_cortex.o
                0x00000000080007a6                HAL_NVIC_SetPriority
 .text.HAL_NVIC_EnableIRQ
                0x00000000080007de       0x1c Drivers/STM32F4xx_HAL_Driver/Src/stm32f4xx_hal_cortex.o
                0x00000000080007de                HAL_NVIC_EnableIRQ
 .text.HAL_SYSTICK_Config
                0x00000000080007fa       0x18 Drivers/STM32F4xx_HAL_Driver/Src/stm32f4xx_hal_cortex.o
                0x00000000080007fa                HAL_SYSTICK_Config
 *fill*         0x0000000008000812        0x2 
 .text.HAL_GPIO_Init
                0x0000000008000814      0x334 Drivers/STM32F4xx_HAL_Driver/Src/stm32f4xx_hal_gpio.o
                0x0000000008000814                HAL_GPIO_Init
 .text.HAL_GPIO_ReadPin
                0x0000000008000b48       0x30 Drivers/STM32F4xx_HAL_Driver/Src/stm32f4xx_hal_gpio.o
                0x0000000008000b48                HAL_GPIO_ReadPin
 .text.HAL_GPIO_WritePin
                0x0000000008000b78       0x32 Drivers/STM32F4xx_HAL_Driver/Src/stm32f4xx_hal_gpio.o
                0x0000000008000b78                HAL_GPIO_WritePin
 *fill*         0x0000000008000baa        0x2 
 .text.HAL_GPIO_EXTI_IRQHandler
                0x0000000008000bac       0x30 Drivers/STM32F4xx_HAL_Driver/Src/stm32f4xx_hal_gpio.o
                0x0000000008000bac                HAL_GPIO_EXTI_IRQHandler
 .text.HAL_GPIO_EXTI_Callback
                0x0000000008000bdc       0x16 Drivers/STM32F4xx_HAL_Driver/Src/stm32f4xx_hal_gpio.o
                0x0000000008000bdc                HAL_GPIO_EXTI_Callback
 *fill*         0x0000000008000bf2        0x2 
 .text.HAL_I2C_Init
                0x0000000008000bf4      0x250 Drivers/STM32F4xx_HAL_Driver/Src/stm32f4xx_hal_i2c.o
                0x0000000008000bf4                HAL_I2C_Init
 .text.HAL_I2S_Init
                0x0000000008000e44      0x280 Drivers/STM32F4xx_HAL_Driver/Src/stm32f4xx_hal_i2s.o
                0x0000000008000e44                HAL_I2S_Init
 .text.HAL_I2S_TxCpltCallback
                0x00000000080010c4       0x14 Drivers/STM32F4xx_HAL_Driver/Src/stm32f4xx_hal_i2s.o
                0x00000000080010c4                HAL_I2S_TxCpltCallback
 .text.HAL_I2S_RxCpltCallback
                0x00000000080010d8       0x14 Drivers/STM32F4xx_HAL_Driver/Src/stm32f4xx_hal_i2s.o
                0x00000000080010d8                HAL_I2S_RxCpltCallback
 .text.HAL_I2S_ErrorCallback
                0x00000000080010ec       0x14 Drivers/STM32F4xx_HAL_Driver/Src/stm32f4xx_hal_i2s.o
                0x00000000080010ec                HAL_I2S_ErrorCallback
 .text.I2S_Transmit_IT
                0x0000000008001100       0x5c Drivers/STM32F4xx_HAL_Driver/Src/stm32f4xx_hal_i2s.o
 .text.I2S_Receive_IT
                0x000000000800115c       0x5e Drivers/STM32F4xx_HAL_Driver/Src/stm32f4xx_hal_i2s.o
 .text.I2S_IRQHandler
                0x00000000080011ba      0x114 Drivers/STM32F4xx_HAL_Driver/Src/stm32f4xx_hal_i2s.o
 *fill*         0x00000000080012ce        0x2 
 .text.HAL_I2SEx_FullDuplex_IRQHandler
                0x00000000080012d0      0x2a8 Drivers/STM32F4xx_HAL_Driver/Src/stm32f4xx_hal_i2s_ex.o
                0x00000000080012d0                HAL_I2SEx_FullDuplex_IRQHandler
 .text.HAL_I2SEx_TxRxCpltCallback
                0x0000000008001578       0x14 Drivers/STM32F4xx_HAL_Driver/Src/stm32f4xx_hal_i2s_ex.o
                0x0000000008001578                HAL_I2SEx_TxRxCpltCallback
 .text.I2SEx_TxISR_I2S
                0x000000000800158c       0x62 Drivers/STM32F4xx_HAL_Driver/Src/stm32f4xx_hal_i2s_ex.o
 *fill*         0x00000000080015ee        0x2 
 .text.I2SEx_TxISR_I2SExt
                0x00000000080015f0       0x98 Drivers/STM32F4xx_HAL_Driver/Src/stm32f4xx_hal_i2s_ex.o
 .text.I2SEx_RxISR_I2S
                0x0000000008001688       0x64 Drivers/STM32F4xx_HAL_Driver/Src/stm32f4xx_hal_i2s_ex.o
 .text.I2SEx_RxISR_I2SExt
                0x00000000080016ec       0x98 Drivers/STM32F4xx_HAL_Driver/Src/stm32f4xx_hal_i2s_ex.o
 .text.HAL_PCD_Init
                0x0000000008001784      0x23a Drivers/STM32F4xx_HAL_Driver/Src/stm32f4xx_hal_pcd.o
                0x0000000008001784                HAL_PCD_Init
 .text.HAL_PCD_Start
                0x00000000080019be       0x66 Drivers/STM32F4xx_HAL_Driver/Src/stm32f4xx_hal_pcd.o
                0x00000000080019be                HAL_PCD_Start
 .text.HAL_PCD_IRQHandler
                0x0000000008001a24      0x746 Drivers/STM32F4xx_HAL_Driver/Src/stm32f4xx_hal_pcd.o
                0x0000000008001a24                HAL_PCD_IRQHandler
 .text.HAL_PCD_SetAddress
                0x000000000800216a       0x4a Drivers/STM32F4xx_HAL_Driver/Src/stm32f4xx_hal_pcd.o
                0x000000000800216a                HAL_PCD_SetAddress
 .text.HAL_PCD_EP_Open
                0x00000000080021b4       0xd0 Drivers/STM32F4xx_HAL_Driver/Src/stm32f4xx_hal_pcd.o
                0x00000000080021b4                HAL_PCD_EP_Open
 .text.HAL_PCD_EP_Close
                0x0000000008002284       0x94 Drivers/STM32F4xx_HAL_Driver/Src/stm32f4xx_hal_pcd.o
                0x0000000008002284                HAL_PCD_EP_Close
 .text.HAL_PCD_EP_Receive
                0x0000000008002318       0x96 Drivers/STM32F4xx_HAL_Driver/Src/stm32f4xx_hal_pcd.o
                0x0000000008002318                HAL_PCD_EP_Receive
 .text.HAL_PCD_EP_GetRxCount
                0x00000000080023ae       0x30 Drivers/STM32F4xx_HAL_Driver/Src/stm32f4xx_hal_pcd.o
                0x00000000080023ae                HAL_PCD_EP_GetRxCount
 .text.HAL_PCD_EP_Transmit
                0x00000000080023de       0x94 Drivers/STM32F4xx_HAL_Driver/Src/stm32f4xx_hal_pcd.o
                0x00000000080023de                HAL_PCD_EP_Transmit
 .text.HAL_PCD_EP_SetStall
                0x0000000008002472       0xc8 Drivers/STM32F4xx_HAL_Driver/Src/stm32f4xx_hal_pcd.o
                0x0000000008002472                HAL_PCD_EP_SetStall
 .text.HAL_PCD_EP_ClrStall
                0x000000000800253a       0xac Drivers/STM32F4xx_HAL_Driver/Src/stm32f4xx_hal_pcd.o
                0x000000000800253a                HAL_PCD_EP_ClrStall
 .text.PCD_WriteEmptyTxFifo
                0x00000000080025e6      0x11a Drivers/STM32F4xx_HAL_Driver/Src/stm32f4xx_hal_pcd.o
 .text.PCD_EP_OutXfrComplete_int
                0x0000000008002700      0x210 Drivers/STM32F4xx_HAL_Driver/Src/stm32f4xx_hal_pcd.o
 .text.PCD_EP_OutSetupPacket_int
                0x0000000008002910       0xc0 Drivers/STM32F4xx_HAL_Driver/Src/stm32f4xx_hal_pcd.o
 .text.HAL_PCDEx_SetTxFiFo
                0x00000000080029d0       0x8e Drivers/STM32F4xx_HAL_Driver/Src/stm32f4xx_hal_pcd_ex.o
                0x00000000080029d0                HAL_PCDEx_SetTxFiFo
 .text.HAL_PCDEx_SetRxFiFo
                0x0000000008002a5e       0x22 Drivers/STM32F4xx_HAL_Driver/Src/stm32f4xx_hal_pcd_ex.o
                0x0000000008002a5e                HAL_PCDEx_SetRxFiFo
 .text.HAL_PCDEx_LPM_Callback
                0x0000000008002a80       0x18 Drivers/STM32F4xx_HAL_Driver/Src/stm32f4xx_hal_pcd_ex.o
                0x0000000008002a80                HAL_PCDEx_LPM_Callback
 .text.HAL_RCC_OscConfig
                0x0000000008002a98      0x484 Drivers/STM32F4xx_HAL_Driver/Src/stm32f4xx_hal_rcc.o
                0x0000000008002a98                HAL_RCC_OscConfig
 .text.HAL_RCC_ClockConfig
                0x0000000008002f1c      0x1c4 Drivers/STM32F4xx_HAL_Driver/Src/stm32f4xx_hal_rcc.o
                0x0000000008002f1c                HAL_RCC_ClockConfig
 .text.HAL_RCC_GetSysClockFreq
                0x00000000080030e0      0x1b0 Drivers/STM32F4xx_HAL_Driver/Src/stm32f4xx_hal_rcc.o
                0x00000000080030e0                HAL_RCC_GetSysClockFreq
 .text.HAL_RCC_GetHCLKFreq
                0x0000000008003290       0x18 Drivers/STM32F4xx_HAL_Driver/Src/stm32f4xx_hal_rcc.o
                0x0000000008003290                HAL_RCC_GetHCLKFreq
 .text.HAL_RCC_GetPCLK1Freq
                0x00000000080032a8       0x28 Drivers/STM32F4xx_HAL_Driver/Src/stm32f4xx_hal_rcc.o
                0x00000000080032a8                HAL_RCC_GetPCLK1Freq
 .text.HAL_RCCEx_PeriphCLKConfig
                0x00000000080032d0      0x1c4 Drivers/STM32F4xx_HAL_Driver/Src/stm32f4xx_hal_rcc_ex.o
                0x00000000080032d0                HAL_RCCEx_PeriphCLKConfig
 .text.HAL_RCCEx_GetPeriphCLKFreq
                0x0000000008003494       0xb8 Drivers/STM32F4xx_HAL_Driver/Src/stm32f4xx_hal_rcc_ex.o
                0x0000000008003494                HAL_RCCEx_GetPeriphCLKFreq
 .text.HAL_SPI_Init
                0x000000000800354c       0xc8 Drivers/STM32F4xx_HAL_Driver/Src/stm32f4xx_hal_spi.o
                0x000000000800354c                HAL_SPI_Init
 .text.HAL_TIM_Base_Init
                0x0000000008003614       0x56 Drivers/STM32F4xx_HAL_Driver/Src/stm32f4xx_hal_tim.o
                0x0000000008003614                HAL_TIM_Base_Init
 .text.HAL_TIM_Base_Start_IT
                0x000000000800366a       0x48 Drivers/STM32F4xx_HAL_Driver/Src/stm32f4xx_hal_tim.o
                0x000000000800366a                HAL_TIM_Base_Start_IT
 .text.HAL_TIM_PWM_Init
                0x00000000080036b2       0x56 Drivers/STM32F4xx_HAL_Driver/Src/stm32f4xx_hal_tim.o
                0x00000000080036b2                HAL_TIM_PWM_Init
 .text.HAL_TIM_PWM_MspInit
                0x0000000008003708       0x14 Drivers/STM32F4xx_HAL_Driver/Src/stm32f4xx_hal_tim.o
                0x0000000008003708                HAL_TIM_PWM_MspInit
 .text.HAL_TIM_PWM_Start
                0x000000000800371c       0x7c Drivers/STM32F4xx_HAL_Driver/Src/stm32f4xx_hal_tim.o
                0x000000000800371c                HAL_TIM_PWM_Start
 .text.HAL_TIM_IRQHandler
                0x0000000008003798      0x210 Drivers/STM32F4xx_HAL_Driver/Src/stm32f4xx_hal_tim.o
                0x0000000008003798                HAL_TIM_IRQHandler
 .text.HAL_TIM_PWM_ConfigChannel
                0x00000000080039a8      0x18c Drivers/STM32F4xx_HAL_Driver/Src/stm32f4xx_hal_tim.o
                0x00000000080039a8                HAL_TIM_PWM_ConfigChannel
 .text.HAL_TIM_ConfigClockSource
                0x0000000008003b34      0x16e Drivers/STM32F4xx_HAL_Driver/Src/stm32f4xx_hal_tim.o
                0x0000000008003b34                HAL_TIM_ConfigClockSource
 .text.HAL_TIM_PeriodElapsedCallback
                0x0000000008003ca2       0x14 Drivers/STM32F4xx_HAL_Driver/Src/stm32f4xx_hal_tim.o
                0x0000000008003ca2                HAL_TIM_PeriodElapsedCallback
 .text.HAL_TIM_OC_DelayElapsedCallback
                0x0000000008003cb6       0x14 Drivers/STM32F4xx_HAL_Driver/Src/stm32f4xx_hal_tim.o
                0x0000000008003cb6                HAL_TIM_OC_DelayElapsedCallback
 .text.HAL_TIM_IC_CaptureCallback
                0x0000000008003cca       0x14 Drivers/STM32F4xx_HAL_Driver/Src/stm32f4xx_hal_tim.o
                0x0000000008003cca                HAL_TIM_IC_CaptureCallback
 .text.HAL_TIM_PWM_PulseFinishedCallback
                0x0000000008003cde       0x14 Drivers/STM32F4xx_HAL_Driver/Src/stm32f4xx_hal_tim.o
                0x0000000008003cde                HAL_TIM_PWM_PulseFinishedCallback
 .text.HAL_TIM_TriggerCallback
                0x0000000008003cf2       0x14 Drivers/STM32F4xx_HAL_Driver/Src/stm32f4xx_hal_tim.o
                0x0000000008003cf2                HAL_TIM_TriggerCallback
 *fill*         0x0000000008003d06        0x2 
 .text.TIM_Base_SetConfig
                0x0000000008003d08      0x140 Drivers/STM32F4xx_HAL_Driver/Src/stm32f4xx_hal_tim.o
                0x0000000008003d08                TIM_Base_SetConfig
 .text.TIM_OC1_SetConfig
                0x0000000008003e48       0xe0 Drivers/STM32F4xx_HAL_Driver/Src/stm32f4xx_hal_tim.o
 .text.TIM_OC2_SetConfig
                0x0000000008003f28       0xec Drivers/STM32F4xx_HAL_Driver/Src/stm32f4xx_hal_tim.o
                0x0000000008003f28                TIM_OC2_SetConfig
 .text.TIM_OC3_SetConfig
                0x0000000008004014       0xe8 Drivers/STM32F4xx_HAL_Driver/Src/stm32f4xx_hal_tim.o
 .text.TIM_OC4_SetConfig
                0x00000000080040fc       0xac Drivers/STM32F4xx_HAL_Driver/Src/stm32f4xx_hal_tim.o
 .text.TIM_TI1_ConfigInputStage
                0x00000000080041a8       0x5e Drivers/STM32F4xx_HAL_Driver/Src/stm32f4xx_hal_tim.o
 .text.TIM_TI2_ConfigInputStage
                0x0000000008004206       0x60 Drivers/STM32F4xx_HAL_Driver/Src/stm32f4xx_hal_tim.o
 .text.TIM_ITRx_SetConfig
                0x0000000008004266       0x36 Drivers/STM32F4xx_HAL_Driver/Src/stm32f4xx_hal_tim.o
 .text.TIM_ETR_SetConfig
                0x000000000800429c       0x40 Drivers/STM32F4xx_HAL_Driver/Src/stm32f4xx_hal_tim.o
                0x000000000800429c                TIM_ETR_SetConfig
 .text.TIM_CCxChannelCmd
                0x00000000080042dc       0x4a Drivers/STM32F4xx_HAL_Driver/Src/stm32f4xx_hal_tim.o
                0x00000000080042dc                TIM_CCxChannelCmd
 .text.HAL_TIMEx_MasterConfigSynchronization
                0x0000000008004326       0x8a Drivers/STM32F4xx_HAL_Driver/Src/stm32f4xx_hal_tim_ex.o
                0x0000000008004326                HAL_TIMEx_MasterConfigSynchronization
 .text.HAL_TIMEx_ConfigBreakDeadTime
                0x00000000080043b0       0xa4 Drivers/STM32F4xx_HAL_Driver/Src/stm32f4xx_hal_tim_ex.o
                0x00000000080043b0                HAL_TIMEx_ConfigBreakDeadTime
 .text.HAL_TIMEx_CommutCallback
                0x0000000008004454       0x14 Drivers/STM32F4xx_HAL_Driver/Src/stm32f4xx_hal_tim_ex.o
                0x0000000008004454                HAL_TIMEx_CommutCallback
 .text.HAL_TIMEx_BreakCallback
                0x0000000008004468       0x14 Drivers/STM32F4xx_HAL_Driver/Src/stm32f4xx_hal_tim_ex.o
                0x0000000008004468                HAL_TIMEx_BreakCallback
 .text.USB_CoreInit
                0x000000000800447c       0xc2 Drivers/STM32F4xx_HAL_Driver/Src/stm32f4xx_ll_usb.o
                0x000000000800447c                USB_CoreInit
 *fill*         0x000000000800453e        0x2 
 .text.USB_SetTurnaroundTime
                0x0000000008004540      0x144 Drivers/STM32F4xx_HAL_Driver/Src/stm32f4xx_ll_usb.o
                0x0000000008004540                USB_SetTurnaroundTime
 .text.USB_EnableGlobalInt
                0x0000000008004684       0x22 Drivers/STM32F4xx_HAL_Driver/Src/stm32f4xx_ll_usb.o
                0x0000000008004684                USB_EnableGlobalInt
 .text.USB_DisableGlobalInt
                0x00000000080046a6       0x22 Drivers/STM32F4xx_HAL_Driver/Src/stm32f4xx_ll_usb.o
                0x00000000080046a6                USB_DisableGlobalInt
 .text.USB_SetCurrentMode
                0x00000000080046c8       0x54 Drivers/STM32F4xx_HAL_Driver/Src/stm32f4xx_ll_usb.o
                0x00000000080046c8                USB_SetCurrentMode
 .text.USB_DevInit
                0x000000000800471c      0x2e4 Drivers/STM32F4xx_HAL_Driver/Src/stm32f4xx_ll_usb.o
                0x000000000800471c                USB_DevInit
 .text.USB_FlushTxFifo
                0x0000000008004a00       0x4c Drivers/STM32F4xx_HAL_Driver/Src/stm32f4xx_ll_usb.o
                0x0000000008004a00                USB_FlushTxFifo
 .text.USB_FlushRxFifo
                0x0000000008004a4c       0x44 Drivers/STM32F4xx_HAL_Driver/Src/stm32f4xx_ll_usb.o
                0x0000000008004a4c                USB_FlushRxFifo
 .text.USB_SetDevSpeed
                0x0000000008004a90       0x32 Drivers/STM32F4xx_HAL_Driver/Src/stm32f4xx_ll_usb.o
                0x0000000008004a90                USB_SetDevSpeed
 .text.USB_GetDevSpeed
                0x0000000008004ac2       0x4a Drivers/STM32F4xx_HAL_Driver/Src/stm32f4xx_ll_usb.o
                0x0000000008004ac2                USB_GetDevSpeed
 .text.USB_ActivateEndpoint
                0x0000000008004b0c      0x10e Drivers/STM32F4xx_HAL_Driver/Src/stm32f4xx_ll_usb.o
                0x0000000008004b0c                USB_ActivateEndpoint
 *fill*         0x0000000008004c1a        0x2 
 .text.USB_DeactivateEndpoint
                0x0000000008004c1c      0x108 Drivers/STM32F4xx_HAL_Driver/Src/stm32f4xx_ll_usb.o
                0x0000000008004c1c                USB_DeactivateEndpoint
 .text.USB_EPStartXfer
                0x0000000008004d24      0x488 Drivers/STM32F4xx_HAL_Driver/Src/stm32f4xx_ll_usb.o
                0x0000000008004d24                USB_EPStartXfer
 .text.USB_EP0StartXfer
                0x00000000080051ac      0x2a6 Drivers/STM32F4xx_HAL_Driver/Src/stm32f4xx_ll_usb.o
                0x00000000080051ac                USB_EP0StartXfer
 .text.USB_WritePacket
                0x0000000008005452       0x6a Drivers/STM32F4xx_HAL_Driver/Src/stm32f4xx_ll_usb.o
                0x0000000008005452                USB_WritePacket
 .text.USB_ReadPacket
                0x00000000080054bc       0x52 Drivers/STM32F4xx_HAL_Driver/Src/stm32f4xx_ll_usb.o
                0x00000000080054bc                USB_ReadPacket
 .text.USB_EPSetStall
                0x000000000800550e       0xdc Drivers/STM32F4xx_HAL_Driver/Src/stm32f4xx_ll_usb.o
                0x000000000800550e                USB_EPSetStall
 .text.USB_EPClearStall
                0x00000000080055ea       0xcc Drivers/STM32F4xx_HAL_Driver/Src/stm32f4xx_ll_usb.o
                0x00000000080055ea                USB_EPClearStall
 .text.USB_SetDevAddress
                0x00000000080056b6       0x4c Drivers/STM32F4xx_HAL_Driver/Src/stm32f4xx_ll_usb.o
                0x00000000080056b6                USB_SetDevAddress
 .text.USB_DevConnect
                0x0000000008005702       0x30 Drivers/STM32F4xx_HAL_Driver/Src/stm32f4xx_ll_usb.o
                0x0000000008005702                USB_DevConnect
 .text.USB_DevDisconnect
                0x0000000008005732       0x30 Drivers/STM32F4xx_HAL_Driver/Src/stm32f4xx_ll_usb.o
                0x0000000008005732                USB_DevDisconnect
 .text.USB_ReadInterrupts
                0x0000000008005762       0x26 Drivers/STM32F4xx_HAL_Driver/Src/stm32f4xx_ll_usb.o
                0x0000000008005762                USB_ReadInterrupts
 .text.USB_ReadDevAllOutEpInterrupt
                0x0000000008005788       0x34 Drivers/STM32F4xx_HAL_Driver/Src/stm32f4xx_ll_usb.o
                0x0000000008005788                USB_ReadDevAllOutEpInterrupt
 .text.USB_ReadDevAllInEpInterrupt
                0x00000000080057bc       0x34 Drivers/STM32F4xx_HAL_Driver/Src/stm32f4xx_ll_usb.o
                0x00000000080057bc                USB_ReadDevAllInEpInterrupt
 .text.USB_ReadDevOutEPInterrupt
                0x00000000080057f0       0x3c Drivers/STM32F4xx_HAL_Driver/Src/stm32f4xx_ll_usb.o
                0x00000000080057f0                USB_ReadDevOutEPInterrupt
 .text.USB_ReadDevInEPInterrupt
                0x000000000800582c       0x5c Drivers/STM32F4xx_HAL_Driver/Src/stm32f4xx_ll_usb.o
                0x000000000800582c                USB_ReadDevInEPInterrupt
 .text.USB_GetMode
                0x0000000008005888       0x1c Drivers/STM32F4xx_HAL_Driver/Src/stm32f4xx_ll_usb.o
                0x0000000008005888                USB_GetMode
 .text.USB_ActivateSetup
                0x00000000080058a4       0x6a Drivers/STM32F4xx_HAL_Driver/Src/stm32f4xx_ll_usb.o
                0x00000000080058a4                USB_ActivateSetup
 *fill*         0x000000000800590e        0x2 
 .text.USB_EP0_OutStart
                0x0000000008005910       0xbc Drivers/STM32F4xx_HAL_Driver/Src/stm32f4xx_ll_usb.o
                0x0000000008005910                USB_EP0_OutStart
 .text.USB_CoreReset
                0x00000000080059cc       0x68 Drivers/STM32F4xx_HAL_Driver/Src/stm32f4xx_ll_usb.o
 .text.USBD_CDC_Init
                0x0000000008005a34       0xf6 Middlewares/ST/STM32_USB_Device_Library/Class/CDC/Src/usbd_cdc.o
 .text.USBD_CDC_DeInit
                0x0000000008005b2a       0x6e Middlewares/ST/STM32_USB_Device_Library/Class/CDC/Src/usbd_cdc.o
 .text.USBD_CDC_Setup
                0x0000000008005b98      0x140 Middlewares/ST/STM32_USB_Device_Library/Class/CDC/Src/usbd_cdc.o
 .text.USBD_CDC_DataIn
                0x0000000008005cd8       0xa6 Middlewares/ST/STM32_USB_Device_Library/Class/CDC/Src/usbd_cdc.o
 .text.USBD_CDC_DataOut
                0x0000000008005d7e       0x56 Middlewares/ST/STM32_USB_Device_Library/Class/CDC/Src/usbd_cdc.o
 .text.USBD_CDC_EP0_RxReady
                0x0000000008005dd4       0x50 Middlewares/ST/STM32_USB_Device_Library/Class/CDC/Src/usbd_cdc.o
 .text.USBD_CDC_GetFSCfgDesc
                0x0000000008005e24       0x20 Middlewares/ST/STM32_USB_Device_Library/Class/CDC/Src/usbd_cdc.o
 .text.USBD_CDC_GetHSCfgDesc
                0x0000000008005e44       0x20 Middlewares/ST/STM32_USB_Device_Library/Class/CDC/Src/usbd_cdc.o
 .text.USBD_CDC_GetOtherSpeedCfgDesc
                0x0000000008005e64       0x20 Middlewares/ST/STM32_USB_Device_Library/Class/CDC/Src/usbd_cdc.o
 .text.USBD_CDC_GetDeviceQualifierDescriptor
                0x0000000008005e84       0x20 Middlewares/ST/STM32_USB_Device_Library/Class/CDC/Src/usbd_cdc.o
                0x0000000008005e84                USBD_CDC_GetDeviceQualifierDescriptor
 .text.USBD_CDC_RegisterInterface
                0x0000000008005ea4       0x2e Middlewares/ST/STM32_USB_Device_Library/Class/CDC/Src/usbd_cdc.o
                0x0000000008005ea4                USBD_CDC_RegisterInterface
 .text.USBD_CDC_SetTxBuffer
                0x0000000008005ed2       0x34 Middlewares/ST/STM32_USB_Device_Library/Class/CDC/Src/usbd_cdc.o
                0x0000000008005ed2                USBD_CDC_SetTxBuffer
 .text.USBD_CDC_SetRxBuffer
                0x0000000008005f06       0x28 Middlewares/ST/STM32_USB_Device_Library/Class/CDC/Src/usbd_cdc.o
                0x0000000008005f06                USBD_CDC_SetRxBuffer
 .text.USBD_CDC_ReceivePacket
                0x0000000008005f2e       0x54 Middlewares/ST/STM32_USB_Device_Library/Class/CDC/Src/usbd_cdc.o
                0x0000000008005f2e                USBD_CDC_ReceivePacket
 .text.USBD_Init
                0x0000000008005f82       0x56 Middlewares/ST/STM32_USB_Device_Library/Core/Src/usbd_core.o
                0x0000000008005f82                USBD_Init
 .text.USBD_RegisterClass
                0x0000000008005fd8       0x34 Middlewares/ST/STM32_USB_Device_Library/Core/Src/usbd_core.o
                0x0000000008005fd8                USBD_RegisterClass
 .text.USBD_Start
                0x000000000800600c       0x18 Middlewares/ST/STM32_USB_Device_Library/Core/Src/usbd_core.o
                0x000000000800600c                USBD_Start
 .text.USBD_RunTestMode
                0x0000000008006024       0x16 Middlewares/ST/STM32_USB_Device_Library/Core/Src/usbd_core.o
                0x0000000008006024                USBD_RunTestMode
 .text.USBD_SetClassConfig
                0x000000000800603a       0x3e Middlewares/ST/STM32_USB_Device_Library/Core/Src/usbd_core.o
                0x000000000800603a                USBD_SetClassConfig
 .text.USBD_ClrClassConfig
                0x0000000008006078       0x26 Middlewares/ST/STM32_USB_Device_Library/Core/Src/usbd_core.o
                0x0000000008006078                USBD_ClrClassConfig
 .text.USBD_LL_SetupStage
                0x000000000800609e       0x96 Middlewares/ST/STM32_USB_Device_Library/Core/Src/usbd_core.o
                0x000000000800609e                USBD_LL_SetupStage
 .text.USBD_LL_DataOutStage
                0x0000000008006134       0xe2 Middlewares/ST/STM32_USB_Device_Library/Core/Src/usbd_core.o
                0x0000000008006134                USBD_LL_DataOutStage
 .text.USBD_LL_DataInStage
                0x0000000008006216      0x14a Middlewares/ST/STM32_USB_Device_Library/Core/Src/usbd_core.o
                0x0000000008006216                USBD_LL_DataInStage
 .text.USBD_LL_Reset
                0x0000000008006360       0x82 Middlewares/ST/STM32_USB_Device_Library/Core/Src/usbd_core.o
                0x0000000008006360                USBD_LL_Reset
 .text.USBD_LL_SetSpeed
                0x00000000080063e2       0x20 Middlewares/ST/STM32_USB_Device_Library/Core/Src/usbd_core.o
                0x00000000080063e2                USBD_LL_SetSpeed
 .text.USBD_LL_Suspend
                0x0000000008006402       0x2a Middlewares/ST/STM32_USB_Device_Library/Core/Src/usbd_core.o
                0x0000000008006402                USBD_LL_Suspend
 .text.USBD_LL_Resume
                0x000000000800642c       0x22 Middlewares/ST/STM32_USB_Device_Library/Core/Src/usbd_core.o
                0x000000000800642c                USBD_LL_Resume
 .text.USBD_LL_SOF
                0x000000000800644e       0x34 Middlewares/ST/STM32_USB_Device_Library/Core/Src/usbd_core.o
                0x000000000800644e                USBD_LL_SOF
 .text.USBD_LL_IsoINIncomplete
                0x0000000008006482       0x1a Middlewares/ST/STM32_USB_Device_Library/Core/Src/usbd_core.o
                0x0000000008006482                USBD_LL_IsoINIncomplete
 .text.USBD_LL_IsoOUTIncomplete
                0x000000000800649c       0x1a Middlewares/ST/STM32_USB_Device_Library/Core/Src/usbd_core.o
                0x000000000800649c                USBD_LL_IsoOUTIncomplete
 .text.USBD_LL_DevConnected
                0x00000000080064b6       0x16 Middlewares/ST/STM32_USB_Device_Library/Core/Src/usbd_core.o
                0x00000000080064b6                USBD_LL_DevConnected
 .text.USBD_LL_DevDisconnected
                0x00000000080064cc       0x2e Middlewares/ST/STM32_USB_Device_Library/Core/Src/usbd_core.o
                0x00000000080064cc                USBD_LL_DevDisconnected
 *fill*         0x00000000080064fa        0x2 
 .text.USBD_StdDevReq
                0x00000000080064fc       0xd4 Middlewares/ST/STM32_USB_Device_Library/Core/Src/usbd_ctlreq.o
                0x00000000080064fc                USBD_StdDevReq
 .text.USBD_StdItfReq
                0x00000000080065d0       0x8c Middlewares/ST/STM32_USB_Device_Library/Core/Src/usbd_ctlreq.o
                0x00000000080065d0                USBD_StdItfReq
 .text.USBD_StdEPReq
                0x000000000800665c      0x2b6 Middlewares/ST/STM32_USB_Device_Library/Core/Src/usbd_ctlreq.o
                0x000000000800665c                USBD_StdEPReq
 *fill*         0x0000000008006912        0x2 
 .text.USBD_GetDescriptor
                0x0000000008006914      0x1f4 Middlewares/ST/STM32_USB_Device_Library/Core/Src/usbd_ctlreq.o
 .text.USBD_SetAddress
                0x0000000008006b08       0x84 Middlewares/ST/STM32_USB_Device_Library/Core/Src/usbd_ctlreq.o
 .text.USBD_SetConfig
                0x0000000008006b8c      0x11c Middlewares/ST/STM32_USB_Device_Library/Core/Src/usbd_ctlreq.o
 .text.USBD_GetConfig
                0x0000000008006ca8       0x68 Middlewares/ST/STM32_USB_Device_Library/Core/Src/usbd_ctlreq.o
 .text.USBD_GetStatus
                0x0000000008006d10       0x66 Middlewares/ST/STM32_USB_Device_Library/Core/Src/usbd_ctlreq.o
 .text.USBD_SetFeature
                0x0000000008006d76       0x28 Middlewares/ST/STM32_USB_Device_Library/Core/Src/usbd_ctlreq.o
 .text.USBD_ClrFeature
                0x0000000008006d9e       0x42 Middlewares/ST/STM32_USB_Device_Library/Core/Src/usbd_ctlreq.o
 .text.USBD_ParseSetupRequest
                0x0000000008006de0       0x7a Middlewares/ST/STM32_USB_Device_Library/Core/Src/usbd_ctlreq.o
                0x0000000008006de0                USBD_ParseSetupRequest
 .text.USBD_CtlError
                0x0000000008006e5a       0x22 Middlewares/ST/STM32_USB_Device_Library/Core/Src/usbd_ctlreq.o
                0x0000000008006e5a                USBD_CtlError
 .text.USBD_GetString
                0x0000000008006e7c       0x84 Middlewares/ST/STM32_USB_Device_Library/Core/Src/usbd_ctlreq.o
                0x0000000008006e7c                USBD_GetString
 .text.USBD_GetLen
                0x0000000008006f00       0x30 Middlewares/ST/STM32_USB_Device_Library/Core/Src/usbd_ctlreq.o
 .text.USBD_CtlSendData
                0x0000000008006f30       0x38 Middlewares/ST/STM32_USB_Device_Library/Core/Src/usbd_ioreq.o
                0x0000000008006f30                USBD_CtlSendData
 .text.USBD_CtlContinueSendData
                0x0000000008006f68       0x24 Middlewares/ST/STM32_USB_Device_Library/Core/Src/usbd_ioreq.o
                0x0000000008006f68                USBD_CtlContinueSendData
 .text.USBD_CtlPrepareRx
                0x0000000008006f8c       0x3c Middlewares/ST/STM32_USB_Device_Library/Core/Src/usbd_ioreq.o
                0x0000000008006f8c                USBD_CtlPrepareRx
 .text.USBD_CtlContinueRx
                0x0000000008006fc8       0x24 Middlewares/ST/STM32_USB_Device_Library/Core/Src/usbd_ioreq.o
                0x0000000008006fc8                USBD_CtlContinueRx
 .text.USBD_CtlSendStatus
                0x0000000008006fec       0x26 Middlewares/ST/STM32_USB_Device_Library/Core/Src/usbd_ioreq.o
                0x0000000008006fec                USBD_CtlSendStatus
 .text.USBD_CtlReceiveStatus
                0x0000000008007012       0x26 Middlewares/ST/STM32_USB_Device_Library/Core/Src/usbd_ioreq.o
                0x0000000008007012                USBD_CtlReceiveStatus
 .text.pwm_setvalue
                0x0000000008007038      0x214 Src/main.o
                0x0000000008007038                pwm_setvalue
 .text.steer_pwm_setvalue
                0x000000000800724c       0x48 Src/main.o
                0x000000000800724c                steer_pwm_setvalue
 .text.drive_forward
                0x0000000008007294       0x38 Src/main.o
                0x0000000008007294                drive_forward
 .text.drive_backward
                0x00000000080072cc       0x3a Src/main.o
                0x00000000080072cc                drive_backward
 .text.stop     0x0000000008007306       0x22 Src/main.o
                0x0000000008007306                stop
 .text.main     0x0000000008007328       0xb0 Src/main.o
                0x0000000008007328                main
 .text.SystemClock_Config
                0x00000000080073d8      0x104 Src/main.o
                0x00000000080073d8                SystemClock_Config
 .text.MX_I2C1_Init
                0x00000000080074dc       0x5c Src/main.o
 .text.MX_I2S3_Init
                0x0000000008007538       0x60 Src/main.o
 .text.MX_SPI1_Init
                0x0000000008007598       0x6c Src/main.o
 .text.MX_TIM1_Init
                0x0000000008007604      0x15c Src/main.o
 .text.MX_TIM2_Init
                0x0000000008007760       0xec Src/main.o
 .text.MX_TIM3_Init
                0x000000000800784c       0x98 Src/main.o
 .text.MX_TIM4_Init
                0x00000000080078e4      0x104 Src/main.o
 .text.MX_GPIO_Init
                0x00000000080079e8      0x228 Src/main.o
 .text.Error_Handler
                0x0000000008007c10        0xe Src/main.o
                0x0000000008007c10                Error_Handler
 *fill*         0x0000000008007c1e        0x2 
 .text.HAL_MspInit
                0x0000000008007c20       0x50 Src/stm32f4xx_hal_msp.o
                0x0000000008007c20                HAL_MspInit
 .text.HAL_I2C_MspInit
                0x0000000008007c70       0x90 Src/stm32f4xx_hal_msp.o
                0x0000000008007c70                HAL_I2C_MspInit
 .text.HAL_I2S_MspInit
                0x0000000008007d00       0xd0 Src/stm32f4xx_hal_msp.o
                0x0000000008007d00                HAL_I2S_MspInit
 .text.HAL_SPI_MspInit
                0x0000000008007dd0       0x90 Src/stm32f4xx_hal_msp.o
                0x0000000008007dd0                HAL_SPI_MspInit
 .text.HAL_TIM_Base_MspInit
                0x0000000008007e60       0xd0 Src/stm32f4xx_hal_msp.o
                0x0000000008007e60                HAL_TIM_Base_MspInit
 .text.HAL_TIM_MspPostInit
                0x0000000008007f30      0x154 Src/stm32f4xx_hal_msp.o
                0x0000000008007f30                HAL_TIM_MspPostInit
 .text.NMI_Handler
                0x0000000008008084        0xe Src/stm32f4xx_it.o
                0x0000000008008084                NMI_Handler
 .text.HardFault_Handler
                0x0000000008008092        0x6 Src/stm32f4xx_it.o
                0x0000000008008092                HardFault_Handler
 .text.MemManage_Handler
                0x0000000008008098        0x6 Src/stm32f4xx_it.o
                0x0000000008008098                MemManage_Handler
 .text.BusFault_Handler
                0x000000000800809e        0x6 Src/stm32f4xx_it.o
                0x000000000800809e                BusFault_Handler
 .text.UsageFault_Handler
                0x00000000080080a4        0x6 Src/stm32f4xx_it.o
                0x00000000080080a4                UsageFault_Handler
 .text.SVC_Handler
                0x00000000080080aa        0xe Src/stm32f4xx_it.o
                0x00000000080080aa                SVC_Handler
 .text.DebugMon_Handler
                0x00000000080080b8        0xe Src/stm32f4xx_it.o
                0x00000000080080b8                DebugMon_Handler
 .text.PendSV_Handler
                0x00000000080080c6        0xe Src/stm32f4xx_it.o
                0x00000000080080c6                PendSV_Handler
 .text.SysTick_Handler
                0x00000000080080d4        0xc Src/stm32f4xx_it.o
                0x00000000080080d4                SysTick_Handler
 .text.EXTI0_IRQHandler
                0x00000000080080e0        0xe Src/stm32f4xx_it.o
                0x00000000080080e0                EXTI0_IRQHandler
 *fill*         0x00000000080080ee        0x2 
 .text.TIM3_IRQHandler
                0x00000000080080f0       0x14 Src/stm32f4xx_it.o
                0x00000000080080f0                TIM3_IRQHandler
 .text.OTG_FS_IRQHandler
                0x0000000008008104       0x14 Src/stm32f4xx_it.o
                0x0000000008008104                OTG_FS_IRQHandler
 .text._sbrk    0x0000000008008118       0x58 Src/sysmem.o
                0x0000000008008118                _sbrk
 .text.SystemInit
                0x0000000008008170       0x6c Src/system_stm32f4xx.o
                0x0000000008008170                SystemInit
 .text.MX_USB_DEVICE_Init
                0x00000000080081dc       0x60 Src/usb_device.o
                0x00000000080081dc                MX_USB_DEVICE_Init
 .text.CDC_Init_FS
                0x000000000800823c       0x28 Src/usbd_cdc_if.o
 .text.CDC_DeInit_FS
                0x0000000008008264       0x10 Src/usbd_cdc_if.o
 .text.CDC_Control_FS
                0x0000000008008274       0xbc Src/usbd_cdc_if.o
 .text.CDC_Receive_FS
                0x0000000008008330       0x28 Src/usbd_cdc_if.o
 .text.HAL_PCD_MspInit
                0x0000000008008358       0xc4 Src/usbd_conf.o
                0x0000000008008358                HAL_PCD_MspInit
 .text.HAL_PCD_SetupStageCallback
                0x000000000800841c       0x24 Src/usbd_conf.o
                0x000000000800841c                HAL_PCD_SetupStageCallback
 .text.HAL_PCD_DataOutStageCallback
                0x0000000008008440       0x36 Src/usbd_conf.o
                0x0000000008008440                HAL_PCD_DataOutStageCallback
 .text.HAL_PCD_DataInStageCallback
                0x0000000008008476       0x34 Src/usbd_conf.o
                0x0000000008008476                HAL_PCD_DataInStageCallback
 .text.HAL_PCD_SOFCallback
                0x00000000080084aa       0x1c Src/usbd_conf.o
                0x00000000080084aa                HAL_PCD_SOFCallback
 .text.HAL_PCD_ResetCallback
                0x00000000080084c6       0x50 Src/usbd_conf.o
                0x00000000080084c6                HAL_PCD_ResetCallback
 *fill*         0x0000000008008516        0x2 
 .text.HAL_PCD_SuspendCallback
                0x0000000008008518       0x4c Src/usbd_conf.o
                0x0000000008008518                HAL_PCD_SuspendCallback
 .text.HAL_PCD_ResumeCallback
                0x0000000008008564       0x1c Src/usbd_conf.o
                0x0000000008008564                HAL_PCD_ResumeCallback
 .text.HAL_PCD_ISOOUTIncompleteCallback
                0x0000000008008580       0x24 Src/usbd_conf.o
                0x0000000008008580                HAL_PCD_ISOOUTIncompleteCallback
 .text.HAL_PCD_ISOINIncompleteCallback
                0x00000000080085a4       0x24 Src/usbd_conf.o
                0x00000000080085a4                HAL_PCD_ISOINIncompleteCallback
 .text.HAL_PCD_ConnectCallback
                0x00000000080085c8       0x1c Src/usbd_conf.o
                0x00000000080085c8                HAL_PCD_ConnectCallback
 .text.HAL_PCD_DisconnectCallback
                0x00000000080085e4       0x1c Src/usbd_conf.o
                0x00000000080085e4                HAL_PCD_DisconnectCallback
 .text.USBD_LL_Init
                0x0000000008008600       0x98 Src/usbd_conf.o
                0x0000000008008600                USBD_LL_Init
 .text.USBD_LL_Start
                0x0000000008008698       0x36 Src/usbd_conf.o
                0x0000000008008698                USBD_LL_Start
 .text.USBD_LL_OpenEP
                0x00000000080086ce       0x4c Src/usbd_conf.o
                0x00000000080086ce                USBD_LL_OpenEP
 .text.USBD_LL_CloseEP
                0x000000000800871a       0x3e Src/usbd_conf.o
                0x000000000800871a                USBD_LL_CloseEP
 .text.USBD_LL_StallEP
                0x0000000008008758       0x3e Src/usbd_conf.o
                0x0000000008008758                USBD_LL_StallEP
 .text.USBD_LL_ClearStallEP
                0x0000000008008796       0x3e Src/usbd_conf.o
                0x0000000008008796                USBD_LL_ClearStallEP
 .text.USBD_LL_IsStallEP
                0x00000000080087d4       0x58 Src/usbd_conf.o
                0x00000000080087d4                USBD_LL_IsStallEP
 .text.USBD_LL_SetUSBAddress
                0x000000000800882c       0x3e Src/usbd_conf.o
                0x000000000800882c                USBD_LL_SetUSBAddress
 .text.USBD_LL_Transmit
                0x000000000800886a       0x46 Src/usbd_conf.o
                0x000000000800886a                USBD_LL_Transmit
 .text.USBD_LL_PrepareReceive
                0x00000000080088b0       0x46 Src/usbd_conf.o
                0x00000000080088b0                USBD_LL_PrepareReceive
 .text.USBD_LL_GetRxDataSize
                0x00000000080088f6       0x26 Src/usbd_conf.o
                0x00000000080088f6                USBD_LL_GetRxDataSize
 .text.USBD_Get_USB_Status
                0x000000000800891c       0x58 Src/usbd_conf.o
                0x000000000800891c                USBD_Get_USB_Status
 .text.USBD_FS_DeviceDescriptor
                0x0000000008008974       0x24 Src/usbd_desc.o
                0x0000000008008974                USBD_FS_DeviceDescriptor
 .text.USBD_FS_LangIDStrDescriptor
                0x0000000008008998       0x24 Src/usbd_desc.o
                0x0000000008008998                USBD_FS_LangIDStrDescriptor
 .text.USBD_FS_ProductStrDescriptor
                0x00000000080089bc       0x3c Src/usbd_desc.o
                0x00000000080089bc                USBD_FS_ProductStrDescriptor
 .text.USBD_FS_ManufacturerStrDescriptor
                0x00000000080089f8       0x28 Src/usbd_desc.o
                0x00000000080089f8                USBD_FS_ManufacturerStrDescriptor
 .text.USBD_FS_SerialStrDescriptor
                0x0000000008008a20       0x24 Src/usbd_desc.o
                0x0000000008008a20                USBD_FS_SerialStrDescriptor
 .text.USBD_FS_ConfigStrDescriptor
                0x0000000008008a44       0x3c Src/usbd_desc.o
                0x0000000008008a44                USBD_FS_ConfigStrDescriptor
 .text.USBD_FS_InterfaceStrDescriptor
                0x0000000008008a80       0x3c Src/usbd_desc.o
                0x0000000008008a80                USBD_FS_InterfaceStrDescriptor
 .text.Get_SerialNum
                0x0000000008008abc       0x58 Src/usbd_desc.o
 .text.IntToUnicode
                0x0000000008008b14       0x7c Src/usbd_desc.o
 .text.Reset_Handler
                0x0000000008008b90       0x50 Startup/startup_stm32f407vgtx.o
                0x0000000008008b90                Reset_Handler
 .text.Default_Handler
                0x0000000008008be0        0x2 Startup/startup_stm32f407vgtx.o
                0x0000000008008be0                RTC_Alarm_IRQHandler
                0x0000000008008be0                HASH_RNG_IRQHandler
                0x0000000008008be0                EXTI2_IRQHandler
                0x0000000008008be0                TIM8_CC_IRQHandler
                0x0000000008008be0                TIM1_CC_IRQHandler
                0x0000000008008be0                DMA2_Stream5_IRQHandler
                0x0000000008008be0                DMA1_Stream5_IRQHandler
                0x0000000008008be0                PVD_IRQHandler
                0x0000000008008be0                SDIO_IRQHandler
                0x0000000008008be0                TAMP_STAMP_IRQHandler
                0x0000000008008be0                CAN2_RX1_IRQHandler
                0x0000000008008be0                EXTI3_IRQHandler
                0x0000000008008be0                TIM8_TRG_COM_TIM14_IRQHandler
                0x0000000008008be0                TIM1_UP_TIM10_IRQHandler
                0x0000000008008be0                TIM8_UP_TIM13_IRQHandler
                0x0000000008008be0                I2C3_ER_IRQHandler
                0x0000000008008be0                I2C2_EV_IRQHandler
                0x0000000008008be0                DMA1_Stream2_IRQHandler
                0x0000000008008be0                CAN1_RX0_IRQHandler
                0x0000000008008be0                FPU_IRQHandler
                0x0000000008008be0                OTG_HS_WKUP_IRQHandler
                0x0000000008008be0                CAN2_SCE_IRQHandler
                0x0000000008008be0                DMA2_Stream2_IRQHandler
                0x0000000008008be0                SPI1_IRQHandler
                0x0000000008008be0                TIM6_DAC_IRQHandler
                0x0000000008008be0                TIM1_BRK_TIM9_IRQHandler
                0x0000000008008be0                DCMI_IRQHandler
                0x0000000008008be0                CAN2_RX0_IRQHandler
                0x0000000008008be0                DMA2_Stream3_IRQHandler
                0x0000000008008be0                USART6_IRQHandler
                0x0000000008008be0                USART3_IRQHandler
                0x0000000008008be0                CAN1_RX1_IRQHandler
                0x0000000008008be0                UART5_IRQHandler
                0x0000000008008be0                DMA2_Stream0_IRQHandler
                0x0000000008008be0                TIM4_IRQHandler
                0x0000000008008be0                I2C1_EV_IRQHandler
                0x0000000008008be0                DMA1_Stream6_IRQHandler
                0x0000000008008be0                DMA1_Stream1_IRQHandler
                0x0000000008008be0                UART4_IRQHandler
                0x0000000008008be0                RCC_IRQHandler
                0x0000000008008be0                TIM8_BRK_TIM12_IRQHandler
                0x0000000008008be0                Default_Handler
                0x0000000008008be0                EXTI15_10_IRQHandler
                0x0000000008008be0                ADC_IRQHandler
                0x0000000008008be0                DMA1_Stream7_IRQHandler
                0x0000000008008be0                TIM7_IRQHandler
                0x0000000008008be0                CAN2_TX_IRQHandler
                0x0000000008008be0                TIM5_IRQHandler
                0x0000000008008be0                DMA2_Stream7_IRQHandler
                0x0000000008008be0                I2C3_EV_IRQHandler
                0x0000000008008be0                EXTI9_5_IRQHandler
                0x0000000008008be0                RTC_WKUP_IRQHandler
                0x0000000008008be0                ETH_WKUP_IRQHandler
                0x0000000008008be0                SPI2_IRQHandler
                0x0000000008008be0                OTG_HS_EP1_IN_IRQHandler
                0x0000000008008be0                DMA1_Stream0_IRQHandler
                0x0000000008008be0                CAN1_TX_IRQHandler
                0x0000000008008be0                EXTI4_IRQHandler
                0x0000000008008be0                FSMC_IRQHandler
                0x0000000008008be0                ETH_IRQHandler
                0x0000000008008be0                OTG_HS_EP1_OUT_IRQHandler
                0x0000000008008be0                WWDG_IRQHandler
                0x0000000008008be0                TIM2_IRQHandler
                0x0000000008008be0                OTG_FS_WKUP_IRQHandler
                0x0000000008008be0                TIM1_TRG_COM_TIM11_IRQHandler
                0x0000000008008be0                OTG_HS_IRQHandler
                0x0000000008008be0                EXTI1_IRQHandler
                0x0000000008008be0                USART2_IRQHandler
                0x0000000008008be0                I2C2_ER_IRQHandler
                0x0000000008008be0                DMA2_Stream1_IRQHandler
                0x0000000008008be0                CAN1_SCE_IRQHandler
                0x0000000008008be0                FLASH_IRQHandler
                0x0000000008008be0                DMA2_Stream4_IRQHandler
                0x0000000008008be0                USART1_IRQHandler
                0x0000000008008be0                SPI3_IRQHandler
                0x0000000008008be0                DMA1_Stream4_IRQHandler
                0x0000000008008be0                I2C1_ER_IRQHandler
                0x0000000008008be0                DMA2_Stream6_IRQHandler
                0x0000000008008be0                DMA1_Stream3_IRQHandler
 *fill*         0x0000000008008be2        0x2 
 .text.__errno  0x0000000008008be4        0xc c:/st/stm32cubeide_1.0.2/stm32cubeide/plugins/com.st.stm32cube.ide.mcu.externaltools.gnu-tools-for-stm32.7-2018-q2-update.win32_1.0.0.201904181610/tools/bin/../lib/gcc/arm-none-eabi/7.3.1/../../../../arm-none-eabi/lib/thumb/v7e-m/fpv4-sp/hard\libc_nano.a(lib_a-errno.o)
                0x0000000008008be4                __errno
 .text.__libc_init_array
                0x0000000008008bf0       0x48 c:/st/stm32cubeide_1.0.2/stm32cubeide/plugins/com.st.stm32cube.ide.mcu.externaltools.gnu-tools-for-stm32.7-2018-q2-update.win32_1.0.0.201904181610/tools/bin/../lib/gcc/arm-none-eabi/7.3.1/../../../../arm-none-eabi/lib/thumb/v7e-m/fpv4-sp/hard\libc_nano.a(lib_a-init.o)
                0x0000000008008bf0                __libc_init_array
 .text.malloc   0x0000000008008c38       0x10 c:/st/stm32cubeide_1.0.2/stm32cubeide/plugins/com.st.stm32cube.ide.mcu.externaltools.gnu-tools-for-stm32.7-2018-q2-update.win32_1.0.0.201904181610/tools/bin/../lib/gcc/arm-none-eabi/7.3.1/../../../../arm-none-eabi/lib/thumb/v7e-m/fpv4-sp/hard\libc_nano.a(lib_a-malloc.o)
                0x0000000008008c38                malloc
 .text.free     0x0000000008008c48       0x10 c:/st/stm32cubeide_1.0.2/stm32cubeide/plugins/com.st.stm32cube.ide.mcu.externaltools.gnu-tools-for-stm32.7-2018-q2-update.win32_1.0.0.201904181610/tools/bin/../lib/gcc/arm-none-eabi/7.3.1/../../../../arm-none-eabi/lib/thumb/v7e-m/fpv4-sp/hard\libc_nano.a(lib_a-malloc.o)
                0x0000000008008c48                free
 .text.memset   0x0000000008008c58       0x10 c:/st/stm32cubeide_1.0.2/stm32cubeide/plugins/com.st.stm32cube.ide.mcu.externaltools.gnu-tools-for-stm32.7-2018-q2-update.win32_1.0.0.201904181610/tools/bin/../lib/gcc/arm-none-eabi/7.3.1/../../../../arm-none-eabi/lib/thumb/v7e-m/fpv4-sp/hard\libc_nano.a(lib_a-memset.o)
                0x0000000008008c58                memset
 .text._free_r  0x0000000008008c68       0x9c c:/st/stm32cubeide_1.0.2/stm32cubeide/plugins/com.st.stm32cube.ide.mcu.externaltools.gnu-tools-for-stm32.7-2018-q2-update.win32_1.0.0.201904181610/tools/bin/../lib/gcc/arm-none-eabi/7.3.1/../../../../arm-none-eabi/lib/thumb/v7e-m/fpv4-sp/hard\libc_nano.a(lib_a-nano-freer.o)
                0x0000000008008c68                _free_r
 .text._malloc_r
                0x0000000008008d04       0xb4 c:/st/stm32cubeide_1.0.2/stm32cubeide/plugins/com.st.stm32cube.ide.mcu.externaltools.gnu-tools-for-stm32.7-2018-q2-update.win32_1.0.0.201904181610/tools/bin/../lib/gcc/arm-none-eabi/7.3.1/../../../../arm-none-eabi/lib/thumb/v7e-m/fpv4-sp/hard\libc_nano.a(lib_a-nano-mallocr.o)
                0x0000000008008d04                _malloc_r
 .text._sbrk_r  0x0000000008008db8       0x20 c:/st/stm32cubeide_1.0.2/stm32cubeide/plugins/com.st.stm32cube.ide.mcu.externaltools.gnu-tools-for-stm32.7-2018-q2-update.win32_1.0.0.201904181610/tools/bin/../lib/gcc/arm-none-eabi/7.3.1/../../../../arm-none-eabi/lib/thumb/v7e-m/fpv4-sp/hard\libc_nano.a(lib_a-sbrkr.o)
                0x0000000008008db8                _sbrk_r
 .text.__malloc_lock
                0x0000000008008dd8        0x2 c:/st/stm32cubeide_1.0.2/stm32cubeide/plugins/com.st.stm32cube.ide.mcu.externaltools.gnu-tools-for-stm32.7-2018-q2-update.win32_1.0.0.201904181610/tools/bin/../lib/gcc/arm-none-eabi/7.3.1/../../../../arm-none-eabi/lib/thumb/v7e-m/fpv4-sp/hard\libc_nano.a(lib_a-mlock.o)
                0x0000000008008dd8                __malloc_lock
 .text.__malloc_unlock
                0x0000000008008dda        0x2 c:/st/stm32cubeide_1.0.2/stm32cubeide/plugins/com.st.stm32cube.ide.mcu.externaltools.gnu-tools-for-stm32.7-2018-q2-update.win32_1.0.0.201904181610/tools/bin/../lib/gcc/arm-none-eabi/7.3.1/../../../../arm-none-eabi/lib/thumb/v7e-m/fpv4-sp/hard\libc_nano.a(lib_a-mlock.o)
                0x0000000008008dda                __malloc_unlock
 *(.glue_7)
 .glue_7        0x0000000008008ddc        0x0 linker stubs
 *(.glue_7t)
 .glue_7t       0x0000000008008ddc        0x0 linker stubs
 *(.eh_frame)
 .eh_frame      0x0000000008008ddc        0x0 c:/st/stm32cubeide_1.0.2/stm32cubeide/plugins/com.st.stm32cube.ide.mcu.externaltools.gnu-tools-for-stm32.7-2018-q2-update.win32_1.0.0.201904181610/tools/bin/../lib/gcc/arm-none-eabi/7.3.1/thumb/v7e-m/fpv4-sp/hard/crtbegin.o
 *(.init)
 .init          0x0000000008008ddc        0x4 c:/st/stm32cubeide_1.0.2/stm32cubeide/plugins/com.st.stm32cube.ide.mcu.externaltools.gnu-tools-for-stm32.7-2018-q2-update.win32_1.0.0.201904181610/tools/bin/../lib/gcc/arm-none-eabi/7.3.1/thumb/v7e-m/fpv4-sp/hard/crti.o
                0x0000000008008ddc                _init
 .init          0x0000000008008de0        0x8 c:/st/stm32cubeide_1.0.2/stm32cubeide/plugins/com.st.stm32cube.ide.mcu.externaltools.gnu-tools-for-stm32.7-2018-q2-update.win32_1.0.0.201904181610/tools/bin/../lib/gcc/arm-none-eabi/7.3.1/thumb/v7e-m/fpv4-sp/hard/crtn.o
 *(.fini)
 .fini          0x0000000008008de8        0x4 c:/st/stm32cubeide_1.0.2/stm32cubeide/plugins/com.st.stm32cube.ide.mcu.externaltools.gnu-tools-for-stm32.7-2018-q2-update.win32_1.0.0.201904181610/tools/bin/../lib/gcc/arm-none-eabi/7.3.1/thumb/v7e-m/fpv4-sp/hard/crti.o
                0x0000000008008de8                _fini
 .fini          0x0000000008008dec        0x8 c:/st/stm32cubeide_1.0.2/stm32cubeide/plugins/com.st.stm32cube.ide.mcu.externaltools.gnu-tools-for-stm32.7-2018-q2-update.win32_1.0.0.201904181610/tools/bin/../lib/gcc/arm-none-eabi/7.3.1/thumb/v7e-m/fpv4-sp/hard/crtn.o
                0x0000000008008df4                . = ALIGN (0x4)
                0x0000000008008df4                _etext = .

.vfp11_veneer   0x0000000008008df4        0x0
 .vfp11_veneer  0x0000000008008df4        0x0 linker stubs

.v4_bx          0x0000000008008df4        0x0
 .v4_bx         0x0000000008008df4        0x0 linker stubs

.iplt           0x0000000008008df4        0x0
 .iplt          0x0000000008008df4        0x0 c:/st/stm32cubeide_1.0.2/stm32cubeide/plugins/com.st.stm32cube.ide.mcu.externaltools.gnu-tools-for-stm32.7-2018-q2-update.win32_1.0.0.201904181610/tools/bin/../lib/gcc/arm-none-eabi/7.3.1/thumb/v7e-m/fpv4-sp/hard/crtbegin.o

.rodata         0x0000000008008df4       0x60
                0x0000000008008df4                . = ALIGN (0x4)
 *(.rodata)
 .rodata        0x0000000008008df4       0x46 Src/usbd_desc.o
 *(.rodata*)
 *fill*         0x0000000008008e3a        0x2 
 .rodata.AHBPrescTable
                0x0000000008008e3c       0x10 Src/system_stm32f4xx.o
                0x0000000008008e3c                AHBPrescTable
 .rodata.APBPrescTable
                0x0000000008008e4c        0x8 Src/system_stm32f4xx.o
                0x0000000008008e4c                APBPrescTable
                0x0000000008008e54                . = ALIGN (0x4)

.ARM.extab      0x0000000008008e54        0x0
                0x0000000008008e54                . = ALIGN (0x4)
 *(.ARM.extab* .gnu.linkonce.armextab.*)
                0x0000000008008e54                . = ALIGN (0x4)

.ARM            0x0000000008008e54        0x8
                0x0000000008008e54                . = ALIGN (0x4)
                0x0000000008008e54                __exidx_start = .
 *(.ARM.exidx*)
 .ARM.exidx     0x0000000008008e54        0x8 c:/st/stm32cubeide_1.0.2/stm32cubeide/plugins/com.st.stm32cube.ide.mcu.externaltools.gnu-tools-for-stm32.7-2018-q2-update.win32_1.0.0.201904181610/tools/bin/../lib/gcc/arm-none-eabi/7.3.1/thumb/v7e-m/fpv4-sp/hard\libgcc.a(_udivmoddi4.o)
                0x0000000008008e5c                __exidx_end = .
                0x0000000008008e5c                . = ALIGN (0x4)

.rel.dyn        0x0000000008008e5c        0x0
 .rel.iplt      0x0000000008008e5c        0x0 c:/st/stm32cubeide_1.0.2/stm32cubeide/plugins/com.st.stm32cube.ide.mcu.externaltools.gnu-tools-for-stm32.7-2018-q2-update.win32_1.0.0.201904181610/tools/bin/../lib/gcc/arm-none-eabi/7.3.1/thumb/v7e-m/fpv4-sp/hard/crtbegin.o

.preinit_array  0x0000000008008e5c        0x0
                0x0000000008008e5c                . = ALIGN (0x4)
                0x0000000008008e5c                PROVIDE (__preinit_array_start = .)
 *(.preinit_array*)
                0x0000000008008e5c                PROVIDE (__preinit_array_end = .)
                0x0000000008008e5c                . = ALIGN (0x4)

.init_array     0x0000000008008e5c        0x4
                0x0000000008008e5c                . = ALIGN (0x4)
                0x0000000008008e5c                PROVIDE (__init_array_start = .)
 *(SORT_BY_NAME(.init_array.*))
 *(.init_array*)
 .init_array    0x0000000008008e5c        0x4 c:/st/stm32cubeide_1.0.2/stm32cubeide/plugins/com.st.stm32cube.ide.mcu.externaltools.gnu-tools-for-stm32.7-2018-q2-update.win32_1.0.0.201904181610/tools/bin/../lib/gcc/arm-none-eabi/7.3.1/thumb/v7e-m/fpv4-sp/hard/crtbegin.o
                0x0000000008008e60                PROVIDE (__init_array_end = .)
                0x0000000008008e60                . = ALIGN (0x4)

.fini_array     0x0000000008008e60        0x4
                0x0000000008008e60                . = ALIGN (0x4)
                [!provide]                        PROVIDE (__fini_array_start = .)
 *(SORT_BY_NAME(.fini_array.*))
 *(.fini_array*)
 .fini_array    0x0000000008008e60        0x4 c:/st/stm32cubeide_1.0.2/stm32cubeide/plugins/com.st.stm32cube.ide.mcu.externaltools.gnu-tools-for-stm32.7-2018-q2-update.win32_1.0.0.201904181610/tools/bin/../lib/gcc/arm-none-eabi/7.3.1/thumb/v7e-m/fpv4-sp/hard/crtbegin.o
                [!provide]                        PROVIDE (__fini_array_end = .)
                0x0000000008008e64                . = ALIGN (0x4)
                0x0000000008008e64                _sidata = LOADADDR (.data)

.data           0x0000000020000000      0x1e0 load address 0x0000000008008e64
                0x0000000020000000                . = ALIGN (0x4)
                0x0000000020000000                _sdata = .
 *(.data)
 *(.data*)
 .data.uwTickPrio
                0x0000000020000000        0x4 Drivers/STM32F4xx_HAL_Driver/Src/stm32f4xx_hal.o
                0x0000000020000000                uwTickPrio
 .data.uwTickFreq
                0x0000000020000004        0x1 Drivers/STM32F4xx_HAL_Driver/Src/stm32f4xx_hal.o
                0x0000000020000004                uwTickFreq
 *fill*         0x0000000020000005        0x3 
 .data.USBD_CDC_DeviceQualifierDesc
                0x0000000020000008        0xa Middlewares/ST/STM32_USB_Device_Library/Class/CDC/Src/usbd_cdc.o
 *fill*         0x0000000020000012        0x2 
 .data.USBD_CDC
                0x0000000020000014       0x38 Middlewares/ST/STM32_USB_Device_Library/Class/CDC/Src/usbd_cdc.o
                0x0000000020000014                USBD_CDC
 .data.USBD_CDC_CfgHSDesc
                0x000000002000004c       0x43 Middlewares/ST/STM32_USB_Device_Library/Class/CDC/Src/usbd_cdc.o
                0x000000002000004c                USBD_CDC_CfgHSDesc
 *fill*         0x000000002000008f        0x1 
 .data.USBD_CDC_CfgFSDesc
                0x0000000020000090       0x43 Middlewares/ST/STM32_USB_Device_Library/Class/CDC/Src/usbd_cdc.o
                0x0000000020000090                USBD_CDC_CfgFSDesc
 *fill*         0x00000000200000d3        0x1 
 .data.USBD_CDC_OtherSpeedCfgDesc
                0x00000000200000d4       0x43 Middlewares/ST/STM32_USB_Device_Library/Class/CDC/Src/usbd_cdc.o
                0x00000000200000d4                USBD_CDC_OtherSpeedCfgDesc
 *fill*         0x0000000020000117        0x1 
 .data.SystemCoreClock
                0x0000000020000118        0x4 Src/system_stm32f4xx.o
                0x0000000020000118                SystemCoreClock
 .data.USBD_Interface_fops_FS
                0x000000002000011c       0x10 Src/usbd_cdc_if.o
                0x000000002000011c                USBD_Interface_fops_FS
 .data.FS_Desc  0x000000002000012c       0x1c Src/usbd_desc.o
                0x000000002000012c                FS_Desc
 .data.USBD_FS_DeviceDesc
                0x0000000020000148       0x12 Src/usbd_desc.o
                0x0000000020000148                USBD_FS_DeviceDesc
 *fill*         0x000000002000015a        0x2 
 .data.USBD_LangIDDesc
                0x000000002000015c        0x4 Src/usbd_desc.o
                0x000000002000015c                USBD_LangIDDesc
 .data.USBD_StringSerial
                0x0000000020000160       0x1a Src/usbd_desc.o
                0x0000000020000160                USBD_StringSerial
 *fill*         0x000000002000017a        0x2 
 .data._impure_ptr
                0x000000002000017c        0x4 c:/st/stm32cubeide_1.0.2/stm32cubeide/plugins/com.st.stm32cube.ide.mcu.externaltools.gnu-tools-for-stm32.7-2018-q2-update.win32_1.0.0.201904181610/tools/bin/../lib/gcc/arm-none-eabi/7.3.1/../../../../arm-none-eabi/lib/thumb/v7e-m/fpv4-sp/hard\libc_nano.a(lib_a-impure.o)
                0x000000002000017c                _impure_ptr
 .data.impure_data
                0x0000000020000180       0x60 c:/st/stm32cubeide_1.0.2/stm32cubeide/plugins/com.st.stm32cube.ide.mcu.externaltools.gnu-tools-for-stm32.7-2018-q2-update.win32_1.0.0.201904181610/tools/bin/../lib/gcc/arm-none-eabi/7.3.1/../../../../arm-none-eabi/lib/thumb/v7e-m/fpv4-sp/hard\libc_nano.a(lib_a-impure.o)
                0x00000000200001e0                . = ALIGN (0x4)
                0x00000000200001e0                _edata = .

.igot.plt       0x00000000200001e0        0x0 load address 0x0000000008009044
 .igot.plt      0x00000000200001e0        0x0 c:/st/stm32cubeide_1.0.2/stm32cubeide/plugins/com.st.stm32cube.ide.mcu.externaltools.gnu-tools-for-stm32.7-2018-q2-update.win32_1.0.0.201904181610/tools/bin/../lib/gcc/arm-none-eabi/7.3.1/thumb/v7e-m/fpv4-sp/hard/crtbegin.o
                0x00000000200001e0                . = ALIGN (0x4)

.bss            0x00000000200001e0     0x1acc load address 0x0000000008009044
                0x00000000200001e0                _sbss = .
                0x00000000200001e0                __bss_start__ = _sbss
 *(.bss)
 .bss           0x00000000200001e0       0x1c c:/st/stm32cubeide_1.0.2/stm32cubeide/plugins/com.st.stm32cube.ide.mcu.externaltools.gnu-tools-for-stm32.7-2018-q2-update.win32_1.0.0.201904181610/tools/bin/../lib/gcc/arm-none-eabi/7.3.1/thumb/v7e-m/fpv4-sp/hard/crtbegin.o
 *(.bss*)
 .bss.cfgidx.10692
                0x00000000200001fc        0x1 Middlewares/ST/STM32_USB_Device_Library/Core/Src/usbd_ctlreq.o
 *fill*         0x00000000200001fd        0x3 
 .bss.heap_end.6424
                0x0000000020000200        0x4 Src/sysmem.o
 .bss.__malloc_free_list
                0x0000000020000204        0x4 c:/st/stm32cubeide_1.0.2/stm32cubeide/plugins/com.st.stm32cube.ide.mcu.externaltools.gnu-tools-for-stm32.7-2018-q2-update.win32_1.0.0.201904181610/tools/bin/../lib/gcc/arm-none-eabi/7.3.1/../../../../arm-none-eabi/lib/thumb/v7e-m/fpv4-sp/hard\libc_nano.a(lib_a-nano-mallocr.o)
                0x0000000020000204                __malloc_free_list
 .bss.__malloc_sbrk_start
                0x0000000020000208        0x4 c:/st/stm32cubeide_1.0.2/stm32cubeide/plugins/com.st.stm32cube.ide.mcu.externaltools.gnu-tools-for-stm32.7-2018-q2-update.win32_1.0.0.201904181610/tools/bin/../lib/gcc/arm-none-eabi/7.3.1/../../../../arm-none-eabi/lib/thumb/v7e-m/fpv4-sp/hard\libc_nano.a(lib_a-nano-mallocr.o)
                0x0000000020000208                __malloc_sbrk_start
 *(COMMON)
 COMMON         0x000000002000020c        0x4 Drivers/STM32F4xx_HAL_Driver/Src/stm32f4xx_hal.o
                0x000000002000020c                uwTick
 COMMON         0x0000000020000210      0x1f4 Src/main.o
                0x0000000020000210                htim4
                0x0000000020000250                hi2c1
                0x00000000200002a4                htim3
                0x00000000200002e4                htim1
                0x0000000020000324                hspi1
                0x000000002000037c                htim2
                0x00000000200003bc                hi2s3
 COMMON         0x0000000020000404      0x29c Src/usb_device.o
                0x0000000020000404                hUsbDeviceFS
 COMMON         0x00000000200006a0     0x1000 Src/usbd_cdc_if.o
                0x00000000200006a0                UserRxBufferFS
                0x0000000020000ea0                UserTxBufferFS
 COMMON         0x00000000200016a0      0x408 Src/usbd_conf.o
                0x00000000200016a0                hpcd_USB_OTG_FS
 COMMON         0x0000000020001aa8      0x200 Src/usbd_desc.o
                0x0000000020001aa8                USBD_StrDesc
 COMMON         0x0000000020001ca8        0x4 c:/st/stm32cubeide_1.0.2/stm32cubeide/plugins/com.st.stm32cube.ide.mcu.externaltools.gnu-tools-for-stm32.7-2018-q2-update.win32_1.0.0.201904181610/tools/bin/../lib/gcc/arm-none-eabi/7.3.1/../../../../arm-none-eabi/lib/thumb/v7e-m/fpv4-sp/hard\libc_nano.a(lib_a-reent.o)
                0x0000000020001ca8                errno
                0x0000000020001cac                . = ALIGN (0x4)
                0x0000000020001cac                _ebss = .
                0x0000000020001cac                __bss_end__ = _ebss

._user_heap_stack
                0x0000000020001cac      0x604 load address 0x0000000008009044
                0x0000000020001cb0                . = ALIGN (0x8)
 *fill*         0x0000000020001cac        0x4 
                0x0000000020001cb0                PROVIDE (end = .)
                [!provide]                        PROVIDE (_end = .)
                0x0000000020001eb0                . = (. + _Min_Heap_Size)
 *fill*         0x0000000020001cb0      0x200 
                0x00000000200022b0                . = (. + _Min_Stack_Size)
 *fill*         0x0000000020001eb0      0x400 
                0x00000000200022b0                . = ALIGN (0x8)

/DISCARD/
 libc.a(*)
 libm.a(*)
 libgcc.a(*)

.ARM.attributes
                0x0000000000000000       0x30
 *(.ARM.attributes)
 .ARM.attributes
                0x0000000000000000       0x22 c:/st/stm32cubeide_1.0.2/stm32cubeide/plugins/com.st.stm32cube.ide.mcu.externaltools.gnu-tools-for-stm32.7-2018-q2-update.win32_1.0.0.201904181610/tools/bin/../lib/gcc/arm-none-eabi/7.3.1/thumb/v7e-m/fpv4-sp/hard/crti.o
 .ARM.attributes
                0x0000000000000022       0x34 c:/st/stm32cubeide_1.0.2/stm32cubeide/plugins/com.st.stm32cube.ide.mcu.externaltools.gnu-tools-for-stm32.7-2018-q2-update.win32_1.0.0.201904181610/tools/bin/../lib/gcc/arm-none-eabi/7.3.1/thumb/v7e-m/fpv4-sp/hard/crtbegin.o
 .ARM.attributes
                0x0000000000000056       0x39 Drivers/STM32F4xx_HAL_Driver/Src/stm32f4xx_hal.o
 .ARM.attributes
                0x000000000000008f       0x39 Drivers/STM32F4xx_HAL_Driver/Src/stm32f4xx_hal_cortex.o
 .ARM.attributes
                0x00000000000000c8       0x39 Drivers/STM32F4xx_HAL_Driver/Src/stm32f4xx_hal_gpio.o
 .ARM.attributes
                0x0000000000000101       0x39 Drivers/STM32F4xx_HAL_Driver/Src/stm32f4xx_hal_i2c.o
 .ARM.attributes
                0x000000000000013a       0x39 Drivers/STM32F4xx_HAL_Driver/Src/stm32f4xx_hal_i2s.o
 .ARM.attributes
                0x0000000000000173       0x39 Drivers/STM32F4xx_HAL_Driver/Src/stm32f4xx_hal_i2s_ex.o
 .ARM.attributes
                0x00000000000001ac       0x39 Drivers/STM32F4xx_HAL_Driver/Src/stm32f4xx_hal_pcd.o
 .ARM.attributes
                0x00000000000001e5       0x39 Drivers/STM32F4xx_HAL_Driver/Src/stm32f4xx_hal_pcd_ex.o
 .ARM.attributes
                0x000000000000021e       0x39 Drivers/STM32F4xx_HAL_Driver/Src/stm32f4xx_hal_rcc.o
 .ARM.attributes
                0x0000000000000257       0x39 Drivers/STM32F4xx_HAL_Driver/Src/stm32f4xx_hal_rcc_ex.o
 .ARM.attributes
                0x0000000000000290       0x39 Drivers/STM32F4xx_HAL_Driver/Src/stm32f4xx_hal_spi.o
 .ARM.attributes
                0x00000000000002c9       0x39 Drivers/STM32F4xx_HAL_Driver/Src/stm32f4xx_hal_tim.o
 .ARM.attributes
                0x0000000000000302       0x39 Drivers/STM32F4xx_HAL_Driver/Src/stm32f4xx_hal_tim_ex.o
 .ARM.attributes
                0x000000000000033b       0x39 Drivers/STM32F4xx_HAL_Driver/Src/stm32f4xx_ll_usb.o
 .ARM.attributes
                0x0000000000000374       0x39 Middlewares/ST/STM32_USB_Device_Library/Class/CDC/Src/usbd_cdc.o
 .ARM.attributes
                0x00000000000003ad       0x39 Middlewares/ST/STM32_USB_Device_Library/Core/Src/usbd_core.o
 .ARM.attributes
                0x00000000000003e6       0x39 Middlewares/ST/STM32_USB_Device_Library/Core/Src/usbd_ctlreq.o
 .ARM.attributes
                0x000000000000041f       0x39 Middlewares/ST/STM32_USB_Device_Library/Core/Src/usbd_ioreq.o
 .ARM.attributes
                0x0000000000000458       0x39 Src/main.o
 .ARM.attributes
                0x0000000000000491       0x39 Src/stm32f4xx_hal_msp.o
 .ARM.attributes
                0x00000000000004ca       0x39 Src/stm32f4xx_it.o
 .ARM.attributes
                0x0000000000000503       0x39 Src/sysmem.o
 .ARM.attributes
                0x000000000000053c       0x39 Src/system_stm32f4xx.o
 .ARM.attributes
                0x0000000000000575       0x39 Src/usb_device.o
 .ARM.attributes
                0x00000000000005ae       0x39 Src/usbd_cdc_if.o
 .ARM.attributes
                0x00000000000005e7       0x39 Src/usbd_conf.o
 .ARM.attributes
                0x0000000000000620       0x39 Src/usbd_desc.o
 .ARM.attributes
                0x0000000000000659       0x21 Startup/startup_stm32f407vgtx.o
 .ARM.attributes
                0x000000000000067a       0x34 c:/st/stm32cubeide_1.0.2/stm32cubeide/plugins/com.st.stm32cube.ide.mcu.externaltools.gnu-tools-for-stm32.7-2018-q2-update.win32_1.0.0.201904181610/tools/bin/../lib/gcc/arm-none-eabi/7.3.1/../../../../arm-none-eabi/lib/thumb/v7e-m/fpv4-sp/hard\libc_nano.a(lib_a-errno.o)
 .ARM.attributes
                0x00000000000006ae       0x34 c:/st/stm32cubeide_1.0.2/stm32cubeide/plugins/com.st.stm32cube.ide.mcu.externaltools.gnu-tools-for-stm32.7-2018-q2-update.win32_1.0.0.201904181610/tools/bin/../lib/gcc/arm-none-eabi/7.3.1/../../../../arm-none-eabi/lib/thumb/v7e-m/fpv4-sp/hard\libc_nano.a(lib_a-impure.o)
 .ARM.attributes
                0x00000000000006e2       0x34 c:/st/stm32cubeide_1.0.2/stm32cubeide/plugins/com.st.stm32cube.ide.mcu.externaltools.gnu-tools-for-stm32.7-2018-q2-update.win32_1.0.0.201904181610/tools/bin/../lib/gcc/arm-none-eabi/7.3.1/../../../../arm-none-eabi/lib/thumb/v7e-m/fpv4-sp/hard\libc_nano.a(lib_a-init.o)
 .ARM.attributes
                0x0000000000000716       0x34 c:/st/stm32cubeide_1.0.2/stm32cubeide/plugins/com.st.stm32cube.ide.mcu.externaltools.gnu-tools-for-stm32.7-2018-q2-update.win32_1.0.0.201904181610/tools/bin/../lib/gcc/arm-none-eabi/7.3.1/../../../../arm-none-eabi/lib/thumb/v7e-m/fpv4-sp/hard\libc_nano.a(lib_a-malloc.o)
 .ARM.attributes
                0x000000000000074a       0x34 c:/st/stm32cubeide_1.0.2/stm32cubeide/plugins/com.st.stm32cube.ide.mcu.externaltools.gnu-tools-for-stm32.7-2018-q2-update.win32_1.0.0.201904181610/tools/bin/../lib/gcc/arm-none-eabi/7.3.1/../../../../arm-none-eabi/lib/thumb/v7e-m/fpv4-sp/hard\libc_nano.a(lib_a-memset.o)
 .ARM.attributes
                0x000000000000077e       0x34 c:/st/stm32cubeide_1.0.2/stm32cubeide/plugins/com.st.stm32cube.ide.mcu.externaltools.gnu-tools-for-stm32.7-2018-q2-update.win32_1.0.0.201904181610/tools/bin/../lib/gcc/arm-none-eabi/7.3.1/../../../../arm-none-eabi/lib/thumb/v7e-m/fpv4-sp/hard\libc_nano.a(lib_a-nano-freer.o)
 .ARM.attributes
                0x00000000000007b2       0x34 c:/st/stm32cubeide_1.0.2/stm32cubeide/plugins/com.st.stm32cube.ide.mcu.externaltools.gnu-tools-for-stm32.7-2018-q2-update.win32_1.0.0.201904181610/tools/bin/../lib/gcc/arm-none-eabi/7.3.1/../../../../arm-none-eabi/lib/thumb/v7e-m/fpv4-sp/hard\libc_nano.a(lib_a-nano-mallocr.o)
 .ARM.attributes
                0x00000000000007e6       0x34 c:/st/stm32cubeide_1.0.2/stm32cubeide/plugins/com.st.stm32cube.ide.mcu.externaltools.gnu-tools-for-stm32.7-2018-q2-update.win32_1.0.0.201904181610/tools/bin/../lib/gcc/arm-none-eabi/7.3.1/../../../../arm-none-eabi/lib/thumb/v7e-m/fpv4-sp/hard\libc_nano.a(lib_a-sbrkr.o)
 .ARM.attributes
                0x000000000000081a       0x34 c:/st/stm32cubeide_1.0.2/stm32cubeide/plugins/com.st.stm32cube.ide.mcu.externaltools.gnu-tools-for-stm32.7-2018-q2-update.win32_1.0.0.201904181610/tools/bin/../lib/gcc/arm-none-eabi/7.3.1/../../../../arm-none-eabi/lib/thumb/v7e-m/fpv4-sp/hard\libc_nano.a(lib_a-mlock.o)
 .ARM.attributes
                0x000000000000084e       0x34 c:/st/stm32cubeide_1.0.2/stm32cubeide/plugins/com.st.stm32cube.ide.mcu.externaltools.gnu-tools-for-stm32.7-2018-q2-update.win32_1.0.0.201904181610/tools/bin/../lib/gcc/arm-none-eabi/7.3.1/../../../../arm-none-eabi/lib/thumb/v7e-m/fpv4-sp/hard\libc_nano.a(lib_a-reent.o)
 .ARM.attributes
                0x0000000000000882       0x22 c:/st/stm32cubeide_1.0.2/stm32cubeide/plugins/com.st.stm32cube.ide.mcu.externaltools.gnu-tools-for-stm32.7-2018-q2-update.win32_1.0.0.201904181610/tools/bin/../lib/gcc/arm-none-eabi/7.3.1/thumb/v7e-m/fpv4-sp/hard\libgcc.a(_aeabi_uldivmod.o)
 .ARM.attributes
                0x00000000000008a4       0x34 c:/st/stm32cubeide_1.0.2/stm32cubeide/plugins/com.st.stm32cube.ide.mcu.externaltools.gnu-tools-for-stm32.7-2018-q2-update.win32_1.0.0.201904181610/tools/bin/../lib/gcc/arm-none-eabi/7.3.1/thumb/v7e-m/fpv4-sp/hard\libgcc.a(_udivmoddi4.o)
 .ARM.attributes
                0x00000000000008d8       0x22 c:/st/stm32cubeide_1.0.2/stm32cubeide/plugins/com.st.stm32cube.ide.mcu.externaltools.gnu-tools-for-stm32.7-2018-q2-update.win32_1.0.0.201904181610/tools/bin/../lib/gcc/arm-none-eabi/7.3.1/thumb/v7e-m/fpv4-sp/hard\libgcc.a(_dvmd_tls.o)
 .ARM.attributes
                0x00000000000008fa       0x22 c:/st/stm32cubeide_1.0.2/stm32cubeide/plugins/com.st.stm32cube.ide.mcu.externaltools.gnu-tools-for-stm32.7-2018-q2-update.win32_1.0.0.201904181610/tools/bin/../lib/gcc/arm-none-eabi/7.3.1/thumb/v7e-m/fpv4-sp/hard/crtn.o
OUTPUT(ELEC3850 Project.elf elf32-littlearm)

.debug_info     0x0000000000000000    0x1c5c8
 .debug_info    0x0000000000000000      0x921 Drivers/STM32F4xx_HAL_Driver/Src/stm32f4xx_hal.o
 .debug_info    0x0000000000000921      0xdd6 Drivers/STM32F4xx_HAL_Driver/Src/stm32f4xx_hal_cortex.o
 .debug_info    0x00000000000016f7      0x763 Drivers/STM32F4xx_HAL_Driver/Src/stm32f4xx_hal_gpio.o
 .debug_info    0x0000000000001e5a     0x231f Drivers/STM32F4xx_HAL_Driver/Src/stm32f4xx_hal_i2c.o
 .debug_info    0x0000000000004179      0xd8d Drivers/STM32F4xx_HAL_Driver/Src/stm32f4xx_hal_i2s.o
 .debug_info    0x0000000000004f06      0xb24 Drivers/STM32F4xx_HAL_Driver/Src/stm32f4xx_hal_i2s_ex.o
 .debug_info    0x0000000000005a2a     0x10c2 Drivers/STM32F4xx_HAL_Driver/Src/stm32f4xx_hal_pcd.o
 .debug_info    0x0000000000006aec      0x701 Drivers/STM32F4xx_HAL_Driver/Src/stm32f4xx_hal_pcd_ex.o
 .debug_info    0x00000000000071ed      0x8a4 Drivers/STM32F4xx_HAL_Driver/Src/stm32f4xx_hal_rcc.o
 .debug_info    0x0000000000007a91      0x55c Drivers/STM32F4xx_HAL_Driver/Src/stm32f4xx_hal_rcc_ex.o
 .debug_info    0x0000000000007fed     0x15e8 Drivers/STM32F4xx_HAL_Driver/Src/stm32f4xx_hal_spi.o
 .debug_info    0x00000000000095d5     0x2456 Drivers/STM32F4xx_HAL_Driver/Src/stm32f4xx_hal_tim.o
 .debug_info    0x000000000000ba2b     0x1105 Drivers/STM32F4xx_HAL_Driver/Src/stm32f4xx_hal_tim_ex.o
 .debug_info    0x000000000000cb30     0x188b Drivers/STM32F4xx_HAL_Driver/Src/stm32f4xx_ll_usb.o
 .debug_info    0x000000000000e3bb     0x1733 Middlewares/ST/STM32_USB_Device_Library/Class/CDC/Src/usbd_cdc.o
 .debug_info    0x000000000000faee     0x117b Middlewares/ST/STM32_USB_Device_Library/Core/Src/usbd_core.o
 .debug_info    0x0000000000010c69     0x10dc Middlewares/ST/STM32_USB_Device_Library/Core/Src/usbd_ctlreq.o
 .debug_info    0x0000000000011d45      0xedc Middlewares/ST/STM32_USB_Device_Library/Core/Src/usbd_ioreq.o
 .debug_info    0x0000000000012c21     0x2167 Src/main.o
 .debug_info    0x0000000000014d88     0x14b9 Src/stm32f4xx_hal_msp.o
 .debug_info    0x0000000000016241      0xaee Src/stm32f4xx_it.o
 .debug_info    0x0000000000016d2f      0x91c Src/sysmem.o
 .debug_info    0x000000000001764b      0x502 Src/system_stm32f4xx.o
 .debug_info    0x0000000000017b4d      0xe24 Src/usb_device.o
 .debug_info    0x0000000000018971      0xfe4 Src/usbd_cdc_if.o
 .debug_info    0x0000000000019955     0x1f88 Src/usbd_conf.o
 .debug_info    0x000000000001b8dd      0xcc9 Src/usbd_desc.o
 .debug_info    0x000000000001c5a6       0x22 Startup/startup_stm32f407vgtx.o

.debug_abbrev   0x0000000000000000     0x3a6d
 .debug_abbrev  0x0000000000000000      0x1cb Drivers/STM32F4xx_HAL_Driver/Src/stm32f4xx_hal.o
 .debug_abbrev  0x00000000000001cb      0x2fa Drivers/STM32F4xx_HAL_Driver/Src/stm32f4xx_hal_cortex.o
 .debug_abbrev  0x00000000000004c5      0x1c9 Drivers/STM32F4xx_HAL_Driver/Src/stm32f4xx_hal_gpio.o
 .debug_abbrev  0x000000000000068e      0x254 Drivers/STM32F4xx_HAL_Driver/Src/stm32f4xx_hal_i2c.o
 .debug_abbrev  0x00000000000008e2      0x21b Drivers/STM32F4xx_HAL_Driver/Src/stm32f4xx_hal_i2s.o
 .debug_abbrev  0x0000000000000afd      0x246 Drivers/STM32F4xx_HAL_Driver/Src/stm32f4xx_hal_i2s_ex.o
 .debug_abbrev  0x0000000000000d43      0x266 Drivers/STM32F4xx_HAL_Driver/Src/stm32f4xx_hal_pcd.o
 .debug_abbrev  0x0000000000000fa9      0x1cf Drivers/STM32F4xx_HAL_Driver/Src/stm32f4xx_hal_pcd_ex.o
 .debug_abbrev  0x0000000000001178      0x245 Drivers/STM32F4xx_HAL_Driver/Src/stm32f4xx_hal_rcc.o
 .debug_abbrev  0x00000000000013bd      0x173 Drivers/STM32F4xx_HAL_Driver/Src/stm32f4xx_hal_rcc_ex.o
 .debug_abbrev  0x0000000000001530      0x240 Drivers/STM32F4xx_HAL_Driver/Src/stm32f4xx_hal_spi.o
 .debug_abbrev  0x0000000000001770      0x230 Drivers/STM32F4xx_HAL_Driver/Src/stm32f4xx_hal_tim.o
 .debug_abbrev  0x00000000000019a0      0x21e Drivers/STM32F4xx_HAL_Driver/Src/stm32f4xx_hal_tim_ex.o
 .debug_abbrev  0x0000000000001bbe      0x26d Drivers/STM32F4xx_HAL_Driver/Src/stm32f4xx_ll_usb.o
 .debug_abbrev  0x0000000000001e2b      0x2b6 Middlewares/ST/STM32_USB_Device_Library/Class/CDC/Src/usbd_cdc.o
 .debug_abbrev  0x00000000000020e1      0x270 Middlewares/ST/STM32_USB_Device_Library/Core/Src/usbd_core.o
 .debug_abbrev  0x0000000000002351      0x2a0 Middlewares/ST/STM32_USB_Device_Library/Core/Src/usbd_ctlreq.o
 .debug_abbrev  0x00000000000025f1      0x1e0 Middlewares/ST/STM32_USB_Device_Library/Core/Src/usbd_ioreq.o
 .debug_abbrev  0x00000000000027d1      0x2f6 Src/main.o
 .debug_abbrev  0x0000000000002ac7      0x1de Src/stm32f4xx_hal_msp.o
 .debug_abbrev  0x0000000000002ca5      0x1a1 Src/stm32f4xx_it.o
 .debug_abbrev  0x0000000000002e46      0x1bb Src/sysmem.o
 .debug_abbrev  0x0000000000003001      0x111 Src/system_stm32f4xx.o
 .debug_abbrev  0x0000000000003112      0x1be Src/usb_device.o
 .debug_abbrev  0x00000000000032d0      0x285 Src/usbd_cdc_if.o
 .debug_abbrev  0x0000000000003555      0x2a1 Src/usbd_conf.o
 .debug_abbrev  0x00000000000037f6      0x265 Src/usbd_desc.o
 .debug_abbrev  0x0000000000003a5b       0x12 Startup/startup_stm32f407vgtx.o

.debug_aranges  0x0000000000000000     0x16f8
 .debug_aranges
                0x0000000000000000       0xf0 Drivers/STM32F4xx_HAL_Driver/Src/stm32f4xx_hal.o
 .debug_aranges
                0x00000000000000f0      0x118 Drivers/STM32F4xx_HAL_Driver/Src/stm32f4xx_hal_cortex.o
 .debug_aranges
                0x0000000000000208       0x58 Drivers/STM32F4xx_HAL_Driver/Src/stm32f4xx_hal_gpio.o
 .debug_aranges
                0x0000000000000260      0x290 Drivers/STM32F4xx_HAL_Driver/Src/stm32f4xx_hal_i2c.o
 .debug_aranges
                0x00000000000004f0      0x108 Drivers/STM32F4xx_HAL_Driver/Src/stm32f4xx_hal_i2s.o
 .debug_aranges
                0x00000000000005f8       0x88 Drivers/STM32F4xx_HAL_Driver/Src/stm32f4xx_hal_i2s_ex.o
 .debug_aranges
                0x0000000000000680      0x130 Drivers/STM32F4xx_HAL_Driver/Src/stm32f4xx_hal_pcd.o
 .debug_aranges
                0x00000000000007b0       0x38 Drivers/STM32F4xx_HAL_Driver/Src/stm32f4xx_hal_pcd_ex.o
 .debug_aranges
                0x00000000000007e8       0x88 Drivers/STM32F4xx_HAL_Driver/Src/stm32f4xx_hal_rcc.o
 .debug_aranges
                0x0000000000000870       0x48 Drivers/STM32F4xx_HAL_Driver/Src/stm32f4xx_hal_rcc_ex.o
 .debug_aranges
                0x00000000000008b8      0x1d0 Drivers/STM32F4xx_HAL_Driver/Src/stm32f4xx_hal_spi.o
 .debug_aranges
                0x0000000000000a88      0x3a8 Drivers/STM32F4xx_HAL_Driver/Src/stm32f4xx_hal_tim.o
 .debug_aranges
                0x0000000000000e30      0x150 Drivers/STM32F4xx_HAL_Driver/Src/stm32f4xx_hal_tim_ex.o
 .debug_aranges
                0x0000000000000f80      0x198 Drivers/STM32F4xx_HAL_Driver/Src/stm32f4xx_ll_usb.o
 .debug_aranges
                0x0000000000001118       0x90 Middlewares/ST/STM32_USB_Device_Library/Class/CDC/Src/usbd_cdc.o
 .debug_aranges
                0x00000000000011a8       0xb8 Middlewares/ST/STM32_USB_Device_Library/Core/Src/usbd_core.o
 .debug_aranges
                0x0000000000001260       0x88 Middlewares/ST/STM32_USB_Device_Library/Core/Src/usbd_ctlreq.o
 .debug_aranges
                0x00000000000012e8       0x50 Middlewares/ST/STM32_USB_Device_Library/Core/Src/usbd_ioreq.o
 .debug_aranges
                0x0000000000001338       0xb0 Src/main.o
 .debug_aranges
                0x00000000000013e8       0x68 Src/stm32f4xx_hal_msp.o
 .debug_aranges
                0x0000000000001450       0x78 Src/stm32f4xx_it.o
 .debug_aranges
                0x00000000000014c8       0x20 Src/sysmem.o
 .debug_aranges
                0x00000000000014e8       0x28 Src/system_stm32f4xx.o
 .debug_aranges
                0x0000000000001510       0x20 Src/usb_device.o
 .debug_aranges
                0x0000000000001530       0x40 Src/usbd_cdc_if.o
 .debug_aranges
                0x0000000000001570      0x100 Src/usbd_conf.o
 .debug_aranges
                0x0000000000001670       0x60 Src/usbd_desc.o
 .debug_aranges
                0x00000000000016d0       0x28 Startup/startup_stm32f407vgtx.o

.debug_ranges   0x0000000000000000     0x1560
 .debug_ranges  0x0000000000000000       0xe0 Drivers/STM32F4xx_HAL_Driver/Src/stm32f4xx_hal.o
 .debug_ranges  0x00000000000000e0      0x108 Drivers/STM32F4xx_HAL_Driver/Src/stm32f4xx_hal_cortex.o
 .debug_ranges  0x00000000000001e8       0x48 Drivers/STM32F4xx_HAL_Driver/Src/stm32f4xx_hal_gpio.o
 .debug_ranges  0x0000000000000230      0x2a0 Drivers/STM32F4xx_HAL_Driver/Src/stm32f4xx_hal_i2c.o
 .debug_ranges  0x00000000000004d0       0xf8 Drivers/STM32F4xx_HAL_Driver/Src/stm32f4xx_hal_i2s.o
 .debug_ranges  0x00000000000005c8       0x78 Drivers/STM32F4xx_HAL_Driver/Src/stm32f4xx_hal_i2s_ex.o
 .debug_ranges  0x0000000000000640      0x120 Drivers/STM32F4xx_HAL_Driver/Src/stm32f4xx_hal_pcd.o
 .debug_ranges  0x0000000000000760       0x28 Drivers/STM32F4xx_HAL_Driver/Src/stm32f4xx_hal_pcd_ex.o
 .debug_ranges  0x0000000000000788       0x78 Drivers/STM32F4xx_HAL_Driver/Src/stm32f4xx_hal_rcc.o
 .debug_ranges  0x0000000000000800       0x38 Drivers/STM32F4xx_HAL_Driver/Src/stm32f4xx_hal_rcc_ex.o
 .debug_ranges  0x0000000000000838      0x1c0 Drivers/STM32F4xx_HAL_Driver/Src/stm32f4xx_hal_spi.o
 .debug_ranges  0x00000000000009f8      0x398 Drivers/STM32F4xx_HAL_Driver/Src/stm32f4xx_hal_tim.o
 .debug_ranges  0x0000000000000d90      0x140 Drivers/STM32F4xx_HAL_Driver/Src/stm32f4xx_hal_tim_ex.o
 .debug_ranges  0x0000000000000ed0      0x188 Drivers/STM32F4xx_HAL_Driver/Src/stm32f4xx_ll_usb.o
 .debug_ranges  0x0000000000001058       0x80 Middlewares/ST/STM32_USB_Device_Library/Class/CDC/Src/usbd_cdc.o
 .debug_ranges  0x00000000000010d8       0xa8 Middlewares/ST/STM32_USB_Device_Library/Core/Src/usbd_core.o
 .debug_ranges  0x0000000000001180       0x78 Middlewares/ST/STM32_USB_Device_Library/Core/Src/usbd_ctlreq.o
 .debug_ranges  0x00000000000011f8       0x40 Middlewares/ST/STM32_USB_Device_Library/Core/Src/usbd_ioreq.o
 .debug_ranges  0x0000000000001238       0xa0 Src/main.o
 .debug_ranges  0x00000000000012d8       0x58 Src/stm32f4xx_hal_msp.o
 .debug_ranges  0x0000000000001330       0x68 Src/stm32f4xx_it.o
 .debug_ranges  0x0000000000001398       0x10 Src/sysmem.o
 .debug_ranges  0x00000000000013a8       0x18 Src/system_stm32f4xx.o
 .debug_ranges  0x00000000000013c0       0x10 Src/usb_device.o
 .debug_ranges  0x00000000000013d0       0x30 Src/usbd_cdc_if.o
 .debug_ranges  0x0000000000001400       0xf0 Src/usbd_conf.o
 .debug_ranges  0x00000000000014f0       0x50 Src/usbd_desc.o
 .debug_ranges  0x0000000000001540       0x20 Startup/startup_stm32f407vgtx.o

.debug_macro    0x0000000000000000    0x258ac
 .debug_macro   0x0000000000000000      0x285 Drivers/STM32F4xx_HAL_Driver/Src/stm32f4xx_hal.o
 .debug_macro   0x0000000000000285      0xa5a Drivers/STM32F4xx_HAL_Driver/Src/stm32f4xx_hal.o
 .debug_macro   0x0000000000000cdf      0x19c Drivers/STM32F4xx_HAL_Driver/Src/stm32f4xx_hal.o
 .debug_macro   0x0000000000000e7b       0x32 Drivers/STM32F4xx_HAL_Driver/Src/stm32f4xx_hal.o
 .debug_macro   0x0000000000000ead       0x2f Drivers/STM32F4xx_HAL_Driver/Src/stm32f4xx_hal.o
 .debug_macro   0x0000000000000edc       0x22 Drivers/STM32F4xx_HAL_Driver/Src/stm32f4xx_hal.o
 .debug_macro   0x0000000000000efe       0x8e Drivers/STM32F4xx_HAL_Driver/Src/stm32f4xx_hal.o
 .debug_macro   0x0000000000000f8c       0x51 Drivers/STM32F4xx_HAL_Driver/Src/stm32f4xx_hal.o
 .debug_macro   0x0000000000000fdd       0xef Drivers/STM32F4xx_HAL_Driver/Src/stm32f4xx_hal.o
 .debug_macro   0x00000000000010cc       0x6a Drivers/STM32F4xx_HAL_Driver/Src/stm32f4xx_hal.o
 .debug_macro   0x0000000000001136      0x1df Drivers/STM32F4xx_HAL_Driver/Src/stm32f4xx_hal.o
 .debug_macro   0x0000000000001315       0x1c Drivers/STM32F4xx_HAL_Driver/Src/stm32f4xx_hal.o
 .debug_macro   0x0000000000001331       0x22 Drivers/STM32F4xx_HAL_Driver/Src/stm32f4xx_hal.o